Component: ARM Compiler 5.06 update 5 (build 528) Tool: armlink [4d35e2]

==============================================================================

Section Cross References

    system_stm32f10x.o(i.SetSysClock) refers to system_stm32f10x.o(i.SetSysClockTo72) for SetSysClockTo72
    system_stm32f10x.o(i.SystemCoreClockUpdate) refers to system_stm32f10x.o(.data) for SystemCoreClock
    system_stm32f10x.o(i.SystemInit) refers to system_stm32f10x.o(i.SetSysClock) for SetSysClock
    main.o(i.Configer_GPIO_Init) refers to stm32f10x_rcc.o(i.RCC_APB2PeriphClockCmd) for RCC_APB2PeriphClockCmd
    main.o(i.Configer_GPIO_Init) refers to stm32f10x_gpio.o(i.GPIO_Init) for GPIO_Init
    main.o(i.Configer_GPIO_Init) refers to stm32f10x_gpio.o(i.GPIO_SetBits) for GPIO_SetBits
    main.o(i.EXTI1_IRQHandler) refers to stm32f10x_exti.o(i.EXTI_GetITStatus) for EXTI_GetITStatus
    main.o(i.EXTI1_IRQHandler) refers to delay.o(i.delay_ms) for delay_ms
    main.o(i.EXTI1_IRQHandler) refers to stm32f10x_gpio.o(i.GPIO_ReadInputDataBit) for GPIO_ReadInputDataBit
    main.o(i.EXTI1_IRQHandler) refers to stm32f10x_exti.o(i.EXTI_ClearITPendingBit) for EXTI_ClearITPendingBit
    main.o(i.EXTI1_IRQHandler) refers to main.o(.data) for Show_Flag
    main.o(i.EXTI2_IRQHandler) refers to stm32f10x_exti.o(i.EXTI_GetITStatus) for EXTI_GetITStatus
    main.o(i.EXTI2_IRQHandler) refers to delay.o(i.delay_ms) for delay_ms
    main.o(i.EXTI2_IRQHandler) refers to stm32f10x_gpio.o(i.GPIO_ReadInputDataBit) for GPIO_ReadInputDataBit
    main.o(i.EXTI2_IRQHandler) refers to stm32f10x_tim.o(i.TIM_PrescalerConfig) for TIM_PrescalerConfig
    main.o(i.EXTI2_IRQHandler) refers to stm32f10x_exti.o(i.EXTI_ClearITPendingBit) for EXTI_ClearITPendingBit
    main.o(i.EXTI2_IRQHandler) refers to main.o(.data) for fa
    main.o(i.EXTI3_IRQHandler) refers to stm32f10x_exti.o(i.EXTI_GetITStatus) for EXTI_GetITStatus
    main.o(i.EXTI3_IRQHandler) refers to delay.o(i.delay_ms) for delay_ms
    main.o(i.EXTI3_IRQHandler) refers to stm32f10x_gpio.o(i.GPIO_ReadInputDataBit) for GPIO_ReadInputDataBit
    main.o(i.EXTI3_IRQHandler) refers to stm32f10x_tim.o(i.TIM_PrescalerConfig) for TIM_PrescalerConfig
    main.o(i.EXTI3_IRQHandler) refers to stm32f10x_exti.o(i.EXTI_ClearITPendingBit) for EXTI_ClearITPendingBit
    main.o(i.EXTI3_IRQHandler) refers to main.o(.data) for fa
    main.o(i.GetGradientColor) refers to fleqf.o(x$fpl$fleqf) for __aeabi_cfcmple
    main.o(i.GetGradientColor) refers to fdiv.o(x$fpl$fdiv) for __aeabi_fdiv
    main.o(i.GetGradientColor) refers to fmul.o(x$fpl$fmul) for __aeabi_fmul
    main.o(i.GetGradientColor) refers to ffixu.o(x$fpl$ffixu) for __aeabi_f2uiz
    main.o(i.GetGradientColor) refers to faddsub_clz.o(x$fpl$fsub) for __aeabi_fsub
    main.o(i.LCD_display) refers to lcd_init.o(i.LCD_Address_Set) for LCD_Address_Set
    main.o(i.LCD_display) refers to stm32f10x_gpio.o(i.GPIO_ResetBits) for GPIO_ResetBits
    main.o(i.LCD_display) refers to stm32f10x_gpio.o(i.GPIO_SetBits) for GPIO_SetBits
    main.o(i.LCD_display) refers to fflt_clz.o(x$fpl$ffltu) for __aeabi_ui2f
    main.o(i.LCD_display) refers to fdiv.o(x$fpl$fdiv) for __aeabi_fdiv
    main.o(i.LCD_display) refers to main.o(i.GetGradientColor) for GetGradientColor
    main.o(i.LCD_display) refers to lcd_init.o(i.LCD_SPI_WriteByte) for LCD_SPI_WriteByte
    main.o(i.LCD_display) refers to main.o(.bss) for amp
    main.o(i.main) refers to misc.o(i.NVIC_PriorityGroupConfig) for NVIC_PriorityGroupConfig
    main.o(i.main) refers to fft.o(i.create_sin_tab) for create_sin_tab
    main.o(i.main) refers to delay.o(i.delay_init) for delay_init
    main.o(i.main) refers to led.o(i.LED_Init) for LED_Init
    main.o(i.main) refers to lcd_init.o(i.LCD_Init) for LCD_Init
    main.o(i.main) refers to lcd.o(i.LCD_Fill) for LCD_Fill
    main.o(i.main) refers to exti.o(i.EXTIX_Init) for EXTIX_Init
    main.o(i.main) refers to main.o(i.Configer_GPIO_Init) for Configer_GPIO_Init
    main.o(i.main) refers to lcd.o(i.LCD_ShowString) for LCD_ShowString
    main.o(i.main) refers to lcd.o(i.LCD_ShowIntNum) for LCD_ShowIntNum
    main.o(i.main) refers to adc.o(i.TIM2_PWM_Init) for TIM2_PWM_Init
    main.o(i.main) refers to adc.o(i.ADC_DMA1_Config) for ADC_DMA1_Config
    main.o(i.main) refers to adc.o(i.Adc_Init) for Adc_Init
    main.o(i.main) refers to stm32f10x_gpio.o(i.GPIO_ReadInputDataBit) for GPIO_ReadInputDataBit
    main.o(i.main) refers to fflt_clz.o(x$fpl$ffltu) for __aeabi_ui2f
    main.o(i.main) refers to fft.o(i.Remove_DC) for Remove_DC
    main.o(i.main) refers to fft.o(i.Hanning_Window) for Hanning_Window
    main.o(i.main) refers to fft.o(i.FFT) for FFT
    main.o(i.main) refers to fft.o(i.Get_Result) for Get_Result
    main.o(i.main) refers to f2d.o(x$fpl$f2d) for __aeabi_f2d
    main.o(i.main) refers to drleqf.o(x$fpl$drleqf) for __aeabi_cdrcmple
    main.o(i.main) refers to dmul.o(x$fpl$dmul) for __aeabi_dmul
    main.o(i.main) refers to dfixu.o(x$fpl$dfixu) for __aeabi_d2uiz
[...]
    ../mathlib/poly.c                        0x00000000   Number         0  poly.o ABSOLUTE
    ../mathlib/rred.c                        0x00000000   Number         0  rred.o ABSOLUTE
    ../mathlib/sin.c                         0x00000000   Number         0  sin_x.o ABSOLUTE
    ../mathlib/sin.c                         0x00000000   Number         0  sin.o ABSOLUTE
    ../mathlib/sin_i.c                       0x00000000   Number         0  sin_i_x.o ABSOLUTE
    ../mathlib/sin_i.c                       0x00000000   Number         0  sin_i.o ABSOLUTE
    ../mathlib/sqrt.c                        0x00000000   Number         0  sqrt_x.o ABSOLUTE
    ../mathlib/sqrt.c                        0x00000000   Number         0  sqrt.o ABSOLUTE
    ..\CORE\core_cm3.c                       0x00000000   Number         0  core_cm3.o ABSOLUTE
    ..\CORE\startup_stm32f10x_md.s           0x00000000   Number         0  startup_stm32f10x_md.o ABSOLUTE
    ..\HARDWARE\ADC\adc.c                    0x00000000   Number         0  adc.o ABSOLUTE
    ..\HARDWARE\EXTI\exti.c                  0x00000000   Number         0  exti.o ABSOLUTE
    ..\HARDWARE\FFT\fft.c                    0x00000000   Number         0  fft.o ABSOLUTE
    ..\HARDWARE\KEYIN\keyin.c                0x00000000   Number         0  keyin.o ABSOLUTE
    ..\HARDWARE\LCD\lcd.c                    0x00000000   Number         0  lcd.o ABSOLUTE
    ..\HARDWARE\LCD\lcd_init.c               0x00000000   Number         0  lcd_init.o ABSOLUTE
    ..\HARDWARE\LED\led.c                    0x00000000   Number         0  led.o ABSOLUTE
    ..\STM32F10x_FWLib\src\misc.c            0x00000000   Number         0  misc.o ABSOLUTE
    ..\STM32F10x_FWLib\src\stm32f10x_adc.c   0x00000000   Number         0  stm32f10x_adc.o ABSOLUTE
    ..\STM32F10x_FWLib\src\stm32f10x_bkp.c   0x00000000   Number         0  stm32f10x_bkp.o ABSOLUTE
    ..\STM32F10x_FWLib\src\stm32f10x_can.c   0x00000000   Number         0  stm32f10x_can.o ABSOLUTE
    ..\STM32F10x_FWLib\src\stm32f10x_cec.c   0x00000000   Number         0  stm32f10x_cec.o ABSOLUTE
    ..\STM32F10x_FWLib\src\stm32f10x_crc.c   0x00000000   Number         0  stm32f10x_crc.o ABSOLUTE
    ..\STM32F10x_FWLib\src\stm32f10x_dac.c   0x00000000   Number         0  stm32f10x_dac.o ABSOLUTE
    ..\STM32F10x_FWLib\src\stm32f10x_dbgmcu.c 0x00000000   Number         0  stm32f10x_dbgmcu.o ABSOLUTE
    ..\STM32F10x_FWLib\src\stm32f10x_dma.c   0x00000000   Number         0  stm32f10x_dma.o ABSOLUTE
    ..\STM32F10x_FWLib\src\stm32f10x_exti.c  0x00000000   Number         0  stm32f10x_exti.o ABSOLUTE
    ..\STM32F10x_FWLib\src\stm32f10x_flash.c 0x00000000   Number         0  stm32f10x_flash.o ABSOLUTE
    ..\STM32F10x_FWLib\src\stm32f10x_fsmc.c  0x00000000   Number         0  stm32f10x_fsmc.o ABSOLUTE
    ..\STM32F10x_FWLib\src\stm32f10x_gpio.c  0x00000000   Number         0  stm32f10x_gpio.o ABSOLUTE
    ..\STM32F10x_FWLib\src\stm32f10x_i2c.c   0x00000000   Number         0  stm32f10x_i2c.o ABSOLUTE
    ..\STM32F10x_FWLib\src\stm32f10x_iwdg.c  0x00000000   Number         0  stm32f10x_iwdg.o ABSOLUTE
    ..\STM32F10x_FWLib\src\stm32f10x_pwr.c   0x00000000   Number         0  stm32f10x_pwr.o ABSOLUTE
    ..\STM32F10x_FWLib\src\stm32f10x_rcc.c   0x00000000   Number         0  stm32f10x_rcc.o ABSOLUTE
    ..\STM32F10x_FWLib\src\stm32f10x_rtc.c   0x00000000   Number         0  stm32f10x_rtc.o ABSOLUTE
    ..\STM32F10x_FWLib\src\stm32f10x_sdio.c  0x00000000   Number         0  stm32f10x_sdio.o ABSOLUTE
    ..\STM32F10x_FWLib\src\stm32f10x_spi.c   0x00000000   Number         0  stm32f10x_spi.o ABSOLUTE
    ..\STM32F10x_FWLib\src\stm32f10x_tim.c   0x00000000   Number         0  stm32f10x_tim.o ABSOLUTE
    ..\STM32F10x_FWLib\src\stm32f10x_usart.c 0x00000000   Number         0  stm32f10x_usart.o ABSOLUTE
    ..\STM32F10x_FWLib\src\stm32f10x_wwdg.c  0x00000000   Number         0  stm32f10x_wwdg.o ABSOLUTE
    ..\SYSTEM\delay\delay.c                  0x00000000   Number         0  delay.o ABSOLUTE
    ..\SYSTEM\sys\sys.c                      0x00000000   Number         0  sys.o ABSOLUTE
    ..\SYSTEM\usart\usart.c                  0x00000000   Number         0  usart.o ABSOLUTE
    ..\\CORE\\core_cm3.c                     0x00000000   Number         0  core_cm3.o ABSOLUTE
    dc.s                                     0x00000000   Number         0  dc.o ABSOLUTE
    main.c                                   0x00000000   Number         0  main.o ABSOLUTE
    stm32f10x_it.c                           0x00000000   Number         0  stm32f10x_it.o ABSOLUTE
    system_stm32f10x.c                       0x00000000   Number         0  system_stm32f10x.o ABSOLUTE
    RESET                                    0x08000000   Section      236  startup_stm32f10x_md.o(RESET)
    !!!main                                  0x080000ec   Section        8  __main.o(!!!main)
    !!!scatter                               0x080000f4   Section       52  __scatter.o(!!!scatter)
    !!handler_copy                           0x08000128   Section       26  __scatter_copy.o(!!handler_copy)
    !!handler_zi                             0x08000144   Section       28  __scatter_zi.o(!!handler_zi)
    .ARM.Collect$$libinit$$00000000          0x08000160   Section        2  libinit.o(.ARM.Collect$$libinit$$00000000)
    .ARM.Collect$$libinit$$00000002          0x08000162   Section        0  libinit2.o(.ARM.Collect$$libinit$$00000002)
    .ARM.Collect$$libinit$$00000004          0x08000162   Section        0  libinit2.o(.ARM.Collect$$libinit$$00000004)
    .ARM.Collect$$libinit$$0000000A          0x08000162   Section        0  libinit2.o(.ARM.Collect$$libinit$$0000000A)
    .ARM.Collect$$libinit$$0000000C          0x08000162   Section        0  libinit2.o(.ARM.Collect$$libinit$$0000000C)
    .ARM.Collect$$libinit$$0000000E          0x08000162   Section        0  libinit2.o(.ARM.Collect$$libinit$$0000000E)
    .ARM.Collect$$libinit$$00000011          0x08000162   Section        0  libinit2.o(.ARM.Collect$$libinit$$00000011)
    .ARM.Collect$$libinit$$00000013          0x08000162   Section        0  libinit2.o(.ARM.Collect$$libinit$$00000013)
    .ARM.Collect$$libinit$$00000015          0x08000162   Section        0  libinit2.o(.ARM.Collect$$libinit$$00000015)
    .ARM.Collect$$libinit$$00000017          0x08000162   Section        0  libinit2.o(.ARM.Collect$$libinit$$00000017)
    .ARM.Collect$$libinit$$00000019          0x08000162   Section        0  libinit2.o(.ARM.Collect$$libinit$$00000019)
    .ARM.Collect$$libinit$$0000001B          0x08000162   Section        0  libinit2.o(.ARM.Collect$$libinit$$0000001B)
    .ARM.Collect$$libinit$$0000001D          0x08000162   Section        0  libinit2.o(.ARM.Collect$$libinit$$0000001D)
    .ARM.Collect$$libinit$$0000001F          0x08000162   Section        0  libinit2.o(.ARM.Collect$$libinit$$0000001F)
    .ARM.Collect$$libinit$$00000021          0x08000162   Section        0  libinit2.o(.ARM.Collect$$libinit$$00000021)
    .ARM.Collect$$libinit$$00000023          0x08000162   Section        0  libinit2.o(.ARM.Collect$$libinit$$00000023)
    .ARM.Collect$$libinit$$00000025          0x08000162   Section        0  libinit2.o(.ARM.Collect$$libinit$$00000025)
    .ARM.Collect$$libinit$$0000002C          0x08000162   Section        0  libinit2.o(.ARM.Collect$$libinit$$0000002C)
    .ARM.Collect$$libinit$$0000002E          0x08000162   Section        0  libinit2.o(.ARM.Collect$$libinit$$0000002E)
    .ARM.Collect$$libinit$$00000030          0x08000162   Section        0  libinit2.o(.ARM.Collect$$libinit$$00000030)
    .ARM.Collect$$libinit$$00000032          0x08000162   Section        0  libinit2.o(.ARM.Collect$$libinit$$00000032)
    .ARM.Collect$$libinit$$00000033          0x08000162   Section        2  libinit2.o(.ARM.Collect$$libinit$$00000033)
    .ARM.Collect$$libshutdown$$00000000      0x08000164   Section        2  libshutdown.o(.ARM.Collect$$libshutdown$$00000000)
    .ARM.Collect$$libshutdown$$00000002      0x08000166   Section        0  libshutdown2.o(.ARM.Collect$$libshutdown$$00000002)
    .ARM.Collect$$libshutdown$$00000004      0x08000166   Section        0  libshutdown2.o(.ARM.Collect$$libshutdown$$00000004)
    .ARM.Collect$$libshutdown$$00000007      0x08000166   Section        0  libshutdown2.o(.ARM.Collect$$libshutdown$$00000007)
    .ARM.Collect$$libshutdown$$0000000A      0x08000166   Section        0  libshutdown2.o(.ARM.Collect$$libshutdown$$0000000A)
    .ARM.Collect$$libshutdown$$0000000C      0x08000166   Section        0  libshutdown2.o(.ARM.Collect$$libshutdown$$0000000C)
    .ARM.Collect$$libshutdown$$0000000F      0x08000166   Section        0  libshutdown2.o(.ARM.Collect$$libshutdown$$0000000F)
    .ARM.Collect$$libshutdown$$00000010      0x08000166   Section        2  libshutdown2.o(.ARM.Collect$$libshutdown$$00000010)
    .ARM.Collect$$rtentry$$00000000          0x08000168   Section        0  __rtentry.o(.ARM.Collect$$rtentry$$00000000)
    .ARM.Collect$$rtentry$$00000002          0x08000168   Section        0  __rtentry2.o(.ARM.Collect$$rtentry$$00000002)
    .ARM.Collect$$rtentry$$00000004          0x08000168   Section        6  __rtentry4.o(.ARM.Collect$$rtentry$$00000004)
    .ARM.Collect$$rtentry$$00000009          0x0800016e   Section        0  __rtentry2.o(.ARM.Collect$$rtentry$$00000009)
    .ARM.Collect$$rtentry$$0000000A          0x0800016e   Section        4  __rtentry2.o(.ARM.Collect$$rtentry$$0000000A)
    .ARM.Collect$$rtentry$$0000000C          0x08000172   Section        0  __rtentry2.o(.ARM.Collect$$rtentry$$0000000C)
    .ARM.Collect$$rtentry$$0000000D          0x08000172   Section        8  __rtentry2.o(.ARM.Collect$$rtentry$$0000000D)
    .ARM.Collect$$rtexit$$00000000           0x0800017a   Section        2  rtexit.o(.ARM.Collect$$rtexit$$00000000)
    .ARM.Collect$$rtexit$$00000002           0x0800017c   Section        0  rtexit2.o(.ARM.Collect$$rtexit$$00000002)
    .ARM.Collect$$rtexit$$00000003           0x0800017c   Section        4  rtexit2.o(.ARM.Collect$$rtexit$$00000003)
    .ARM.Collect$$rtexit$$00000004           0x08000180   Section        6  rtexit2.o(.ARM.Collect$$rtexit$$00000004)
    .text                                    0x08000188   Section       64  startup_stm32f10x_md.o(.text)
    .text                                    0x080001c8   Section        2  use_no_semi_2.o(.text)
    .text                                    0x080001ca   Section        0  heapauxi.o(.text)
    .text                                    0x080001d0   Section        2  use_no_semi.o(.text)
    .text                                    0x080001d2   Section        0  _rserrno.o(.text)
    .text                                    0x080001e8   Section        8  rt_errno_addr_intlibspace.o(.text)
    .text                                    0x080001f0   Section        8  libspace.o(.text)
    .text                                    0x080001f8   Section       74  sys_stackheap_outer.o(.text)
    .text                                    0x08000242   Section        0  exit.o(.text)
    i.ADC_Cmd                                0x08000254   Section        0  stm32f10x_adc.o(i.ADC_Cmd)
    i.ADC_DMA1_Config                        0x0800026c   Section        0  adc.o(i.ADC_DMA1_Config)
    i.ADC_DMACmd                             0x080002c4   Section        0  stm32f10x_adc.o(i.ADC_DMACmd)
    i.ADC_DeInit                             0x080002dc   Section        0  stm32f10x_adc.o(i.ADC_DeInit)
    i.ADC_ExternalTrigConvCmd                0x08000338   Section        0  stm32f10x_adc.o(i.ADC_ExternalTrigConvCmd)
    i.ADC_GetCalibrationStatus               0x0800034e   Section        0  stm32f10x_adc.o(i.ADC_GetCalibrationStatus)
    i.ADC_GetResetCalibrationStatus          0x08000362   Section        0  stm32f10x_adc.o(i.ADC_GetResetCalibrationStatus)
    i.ADC_Init                               0x08000378   Section        0  stm32f10x_adc.o(i.ADC_Init)
    i.ADC_RegularChannelConfig               0x080003c8   Section        0  stm32f10x_adc.o(i.ADC_RegularChannelConfig)
    i.ADC_ResetCalibration                   0x08000480   Section        0  stm32f10x_adc.o(i.ADC_ResetCalibration)
    i.ADC_StartCalibration                   0x0800048a   Section        0  stm32f10x_adc.o(i.ADC_StartCalibration)
    i.Adc_Init                               0x08000494   Section        0  adc.o(i.Adc_Init)
    i.BusFault_Handler                       0x08000544   Section        0  stm32f10x_it.o(i.BusFault_Handler)
    i.Configer_GPIO_Init                     0x08000548   Section        0  main.o(i.Configer_GPIO_Init)
    i.DMA_ClearFlag                          0x0800059c   Section        0  stm32f10x_dma.o(i.DMA_ClearFlag)
    i.DMA_Cmd                                0x080005b8   Section        0  stm32f10x_dma.o(i.DMA_Cmd)
    i.DMA_DeInit                             0x080005d0   Section        0  stm32f10x_dma.o(i.DMA_DeInit)
    i.DMA_GetFlagStatus                      0x0800071c   Section        0  stm32f10x_dma.o(i.DMA_GetFlagStatus)
    i.DMA_Init                               0x08000748   Section        0  stm32f10x_dma.o(i.DMA_Init)
    i.DMA_SetCurrDataCounter                 0x08000784   Section        0  stm32f10x_dma.o(i.DMA_SetCurrDataCounter)
    i.DebugMon_Handler                       0x08000788   Section        0  stm32f10x_it.o(i.DebugMon_Handler)
    i.EXTI1_IRQHandler                       0x0800078c   Section        0  main.o(i.EXTI1_IRQHandler)
    i.EXTI2_IRQHandler                       0x080007dc   Section        0  main.o(i.EXTI2_IRQHandler)
    i.EXTI3_IRQHandler                       0x0800084c   Section        0  main.o(i.EXTI3_IRQHandler)
    i.EXTIX_Init                             0x080008c8   Section        0  exti.o(i.EXTIX_Init)
    i.EXTI_ClearITPendingBit                 0x080009a0   Section        0  stm32f10x_exti.o(i.EXTI_ClearITPendingBit)
    i.EXTI_GetITStatus                       0x080009ac   Section        0  stm32f10x_exti.o(i.EXTI_GetITStatus)
    i.EXTI_Init                              0x080009d4   Section        0  stm32f10x_exti.o(i.EXTI_Init)
    i.FFT                                    0x08000a68   Section        0  fft.o(i.FFT)
    i.GPIO_EXTILineConfig                    0x08000bc0   Section        0  stm32f10x_gpio.o(i.GPIO_EXTILineConfig)
    i.GPIO_Init                              0x08000c00   Section        0  stm32f10x_gpio.o(i.GPIO_Init)
    i.GPIO_ReadInputDataBit                  0x08000d16   Section        0  stm32f10x_gpio.o(i.GPIO_ReadInputDataBit)
    i.GPIO_ResetBits                         0x08000d28   Section        0  stm32f10x_gpio.o(i.GPIO_ResetBits)
    i.GPIO_SetBits                           0x08000d2c   Section        0  stm32f10x_gpio.o(i.GPIO_SetBits)
    i.GetGradientColor                       0x08000d30   Section        0  main.o(i.GetGradientColor)
    i.Get_Result                             0x08000e30   Section        0  fft.o(i.Get_Result)
    i.Hanning_Window                         0x08000eb4   Section        0  fft.o(i.Hanning_Window)
    i.HardFault_Handler                      0x08000f48   Section        0  stm32f10x_it.o(i.HardFault_Handler)
    i.KEYIN_Init                             0x08000f4c   Section        0  keyin.o(i.KEYIN_Init)
    i.LCD_Address_Set                        0x08000f84   Section        0  lcd_init.o(i.LCD_Address_Set)
    i.LCD_DrawPoint                          0x08000fc6   Section        0  lcd.o(i.LCD_DrawPoint)
    i.LCD_Fill                               0x08000fe4   Section        0  lcd.o(i.LCD_Fill)
    i.LCD_Init                               0x0800107c   Section        0  lcd_init.o(i.LCD_Init)
    i.LCD_SPI_DMA_Init                       0x0800121c   Section        0  lcd_init.o(i.LCD_SPI_DMA_Init)
    i.LCD_SPI_DMA_Send                       0x08001330   Section        0  lcd_init.o(i.LCD_SPI_DMA_Send)
    i.LCD_SPI_WriteByte                      0x08001384   Section        0  lcd_init.o(i.LCD_SPI_WriteByte)
    i.LCD_ShowChar                           0x080013b4   Section        0  lcd.o(i.LCD_ShowChar)
    i.LCD_ShowIntNum                         0x0800150c   Section        0  lcd.o(i.LCD_ShowIntNum)
    i.LCD_ShowString                         0x080015a2   Section        0  lcd.o(i.LCD_ShowString)
    i.LCD_WR_DATA                            0x080015e4   Section        0  lcd_init.o(i.LCD_WR_DATA)
    i.LCD_WR_DATA8                           0x0800161c   Section        0  lcd_init.o(i.LCD_WR_DATA8)
    i.LCD_WR_REG                             0x08001650   Section        0  lcd_init.o(i.LCD_WR_REG)
    i.LCD_display                            0x0800168c   Section        0  main.o(i.LCD_display)
    i.LED_Init                               0x0800175c   Section        0  led.o(i.LED_Init)
    i.MemManage_Handler                      0x080017a8   Section        0  stm32f10x_it.o(i.MemManage_Handler)
    i.NMI_Handler                            0x080017ac   Section        0  stm32f10x_it.o(i.NMI_Handler)
    i.NVIC_Init                              0x080017b0   Section        0  misc.o(i.NVIC_Init)
    i.NVIC_PriorityGroupConfig               0x08001820   Section        0  misc.o(i.NVIC_PriorityGroupConfig)
    i.PendSV_Handler                         0x08001834   Section        0  stm32f10x_it.o(i.PendSV_Handler)
    i.RCC_ADCCLKConfig                       0x08001838   Section        0  stm32f10x_rcc.o(i.RCC_ADCCLKConfig)
    i.RCC_AHBPeriphClockCmd                  0x08001850   Section        0  stm32f10x_rcc.o(i.RCC_AHBPeriphClockCmd)
    i.RCC_APB1PeriphClockCmd                 0x08001870   Section        0  stm32f10x_rcc.o(i.RCC_APB1PeriphClockCmd)
    i.RCC_APB2PeriphClockCmd                 0x08001890   Section        0  stm32f10x_rcc.o(i.RCC_APB2PeriphClockCmd)
    i.RCC_APB2PeriphResetCmd                 0x080018b0   Section        0  stm32f10x_rcc.o(i.RCC_APB2PeriphResetCmd)
    i.Remove_DC                              0x080018d0   Section        0  fft.o(i.Remove_DC)
    i.SPI_Cmd                                0x08001948   Section        0  stm32f10x_spi.o(i.SPI_Cmd)
    i.SPI_I2S_DMACmd                         0x08001960   Section        0  stm32f10x_spi.o(i.SPI_I2S_DMACmd)
    i.SPI_I2S_GetFlagStatus                  0x08001972   Section        0  stm32f10x_spi.o(i.SPI_I2S_GetFlagStatus)
    i.SPI_I2S_SendData                       0x08001984   Section        0  stm32f10x_spi.o(i.SPI_I2S_SendData)
    i.SPI_Init                               0x08001988   Section        0  stm32f10x_spi.o(i.SPI_Init)
    i.SVC_Handler                            0x080019c4   Section        0  stm32f10x_it.o(i.SVC_Handler)
    i.SetSysClock                            0x080019c6   Section        0  system_stm32f10x.o(i.SetSysClock)
    SetSysClock                              0x080019c7   Thumb Code     8  system_stm32f10x.o(i.SetSysClock)
    i.SetSysClockTo72                        0x080019d0   Section        0  system_stm32f10x.o(i.SetSysClockTo72)
    SetSysClockTo72                          0x080019d1   Thumb Code   214  system_stm32f10x.o(i.SetSysClockTo72)
    i.SysTick_CLKSourceConfig                0x08001ab0   Section        0  misc.o(i.SysTick_CLKSourceConfig)
    i.SysTick_Handler                        0x08001ad8   Section        0  stm32f10x_it.o(i.SysTick_Handler)
    i.SystemInit                             0x08001adc   Section        0  system_stm32f10x.o(i.SystemInit)
    i.TIM2_PWM_Init                          0x08001b3c   Section        0  adc.o(i.TIM2_PWM_Init)
    i.TIM_Cmd                                0x08001b9c   Section        0  stm32f10x_tim.o(i.TIM_Cmd)
    i.TIM_CtrlPWMOutputs                     0x08001bb4   Section        0  stm32f10x_tim.o(i.TIM_CtrlPWMOutputs)
    i.TIM_OC2Init                            0x08001bd4   Section        0  stm32f10x_tim.o(i.TIM_OC2Init)
    i.TIM_PrescalerConfig                    0x08001c78   Section        0  stm32f10x_tim.o(i.TIM_PrescalerConfig)
    i.TIM_TimeBaseInit                       0x08001c80   Section        0  stm32f10x_tim.o(i.TIM_TimeBaseInit)
    i.USART1_IRQHandler                      0x08001d24   Section        0  usart.o(i.USART1_IRQHandler)
    i.USART_GetITStatus                      0x08001dac   Section        0  stm32f10x_usart.o(i.USART_GetITStatus)
    i.USART_ReceiveData                      0x08001e00   Section        0  stm32f10x_usart.o(i.USART_ReceiveData)
    i.UsageFault_Handler                     0x08001e0a   Section        0  stm32f10x_it.o(i.UsageFault_Handler)
    i.__ARM_fpclassify                       0x08001e0e   Section        0  fpclassify.o(i.__ARM_fpclassify)
    i.__ieee754_rem_pio2                     0x08001e38   Section        0  rred.o(i.__ieee754_rem_pio2)
    i.__kernel_cos                           0x080021c0   Section        0  cos_i.o(i.__kernel_cos)
    i.__kernel_poly                          0x080022bc   Section        0  poly.o(i.__kernel_poly)
    i.__kernel_sin                           0x08002368   Section        0  sin_i.o(i.__kernel_sin)
    i.__mathlib_dbl_infnan                   0x08002454   Section        0  dunder.o(i.__mathlib_dbl_infnan)
    i.__mathlib_dbl_invalid                  0x0800245a   Section        0  dunder.o(i.__mathlib_dbl_invalid)
    i.__mathlib_dbl_underflow                0x08002468   Section        0  dunder.o(i.__mathlib_dbl_underflow)
    i._sys_exit                              0x08002478   Section        0  usart.o(i._sys_exit)
    i.cos                                    0x0800247c   Section        0  cos.o(i.cos)
    i.cos_tab                                0x08002518   Section        0  fft.o(i.cos_tab)
    i.create_sin_tab                         0x08002540   Section        0  fft.o(i.create_sin_tab)
    i.delay_init                             0x08002590   Section        0  delay.o(i.delay_init)
    i.delay_ms                               0x080025d4   Section        0  delay.o(i.delay_ms)
    i.main                                   0x08002620   Section        0  main.o(i.main)
    i.mypow                                  0x080029bc   Section        0  lcd.o(i.mypow)
    i.sin                                    0x080029d4   Section        0  sin.o(i.sin)
    i.sin_tab                                0x08002a74   Section        0  fft.o(i.sin_tab)
    i.sqrt                                   0x08002a8c   Section        0  sqrt.o(i.sqrt)
    x$fpl$d2f                                0x08002ad8   Section       98  d2f.o(x$fpl$d2f)
    x$fpl$dadd                               0x08002b3c   Section      336  daddsub_clz.o(x$fpl$dadd)
    _dadd1                                   0x08002b4d   Thumb Code     0  daddsub_clz.o(x$fpl$dadd)
    x$fpl$dcheck1                            0x08002c8c   Section       16  dcheck1.o(x$fpl$dcheck1)
    x$fpl$dcmpinf                            0x08002c9c   Section       24  dcmpi.o(x$fpl$dcmpinf)
    x$fpl$ddiv                               0x08002cb4   Section      688  ddiv.o(x$fpl$ddiv)
    ddiv_entry                               0x08002cbb   Thumb Code     0  ddiv.o(x$fpl$ddiv)
    x$fpl$dfix                               0x08002f64   Section       94  dfix.o(x$fpl$dfix)
    x$fpl$dfixu                              0x08002fc4   Section       90  dfixu.o(x$fpl$dfixu)
    x$fpl$dflt                               0x0800301e   Section       46  dflt_clz.o(x$fpl$dflt)
    x$fpl$dfltu                              0x0800304c   Section       38  dflt_clz.o(x$fpl$dfltu)
    x$fpl$dleqf                              0x08003074   Section      120  dleqf.o(x$fpl$dleqf)
    x$fpl$dmul                               0x080030ec   Section      340  dmul.o(x$fpl$dmul)
    x$fpl$dnaninf                            0x08003240   Section      156  dnaninf.o(x$fpl$dnaninf)
    x$fpl$dretinf                            0x080032dc   Section       12  dretinf.o(x$fpl$dretinf)
    x$fpl$drleqf                             0x080032e8   Section      108  drleqf.o(x$fpl$drleqf)
    x$fpl$drsb                               0x08003354   Section       22  daddsub_clz.o(x$fpl$drsb)
    x$fpl$dsqrt                              0x0800336c   Section      460  dsqrt_noumaal.o(x$fpl$dsqrt)
    x$fpl$dsub                               0x08003538   Section      468  daddsub_clz.o(x$fpl$dsub)
    _dsub1                                   0x08003549   Thumb Code     0  daddsub_clz.o(x$fpl$dsub)
    x$fpl$f2d                                0x0800370c   Section       86  f2d.o(x$fpl$f2d)
    x$fpl$fadd                               0x08003764   Section      196  faddsub_clz.o(x$fpl$fadd)
    _fadd1                                   0x08003773   Thumb Code     0  faddsub_clz.o(x$fpl$fadd)
    x$fpl$fcmpinf                            0x08003828   Section       24  fcmpi.o(x$fpl$fcmpinf)
    x$fpl$fdiv                               0x08003840   Section      388  fdiv.o(x$fpl$fdiv)
    _fdiv1                                   0x08003841   Thumb Code     0  fdiv.o(x$fpl$fdiv)
    x$fpl$ffixu                              0x080039c4   Section       62  ffixu.o(x$fpl$ffixu)
    x$fpl$ffltu                              0x08003a04   Section       38  fflt_clz.o(x$fpl$ffltu)
    x$fpl$fleqf                              0x08003a2c   Section      104  fleqf.o(x$fpl$fleqf)
    x$fpl$fmul                               0x08003a94   Section      258  fmul.o(x$fpl$fmul)
    x$fpl$fnaninf                            0x08003b96   Section      140  fnaninf.o(x$fpl$fnaninf)
    x$fpl$fretinf                            0x08003c22   Section       10  fretinf.o(x$fpl$fretinf)
    x$fpl$fsub                               0x08003c2c   Section      234  faddsub_clz.o(x$fpl$fsub)
    _fsub1                                   0x08003c3b   Thumb Code     0  faddsub_clz.o(x$fpl$fsub)
    x$fpl$retnan                             0x08003d16   Section      100  retnan.o(x$fpl$retnan)
    x$fpl$scalbn                             0x08003d7a   Section       92  scalbn.o(x$fpl$scalbn)
    x$fpl$trapveneer                         0x08003dd6   Section       48  trapv.o(x$fpl$trapveneer)
    .constdata                               0x08003e06   Section    14620  lcd.o(.constdata)
    x$fpl$usenofp                            0x08003e06   Section        0  usenofp.o(x$fpl$usenofp)
    .constdata                               0x08007728   Section       48  cos_i.o(.constdata)
    C                                        0x08007728   Data          48  cos_i.o(.constdata)
    .constdata                               0x08007758   Section      200  rred.o(.constdata)
    pio2s                                    0x08007758   Data          48  rred.o(.constdata)
    twooverpi                                0x08007788   Data         152  rred.o(.constdata)
    .constdata                               0x08007820   Section       40  sin_i.o(.constdata)
    S                                        0x08007820   Data          40  sin_i.o(.constdata)
    .data                                    0x20000000   Section       20  system_stm32f10x.o(.data)
    .data                                    0x20000014   Section       10  main.o(.data)
    .data                                    0x2000001e   Section        4  delay.o(.data)
    fac_us                                   0x2000001e   Data           1  delay.o(.data)
    fac_ms                                   0x20000020   Data           2  delay.o(.data)
    .data                                    0x20000024   Section        6  usart.o(.data)
    .bss                                     0x2000002c   Section     2048  main.o(.bss)
    .bss                                     0x2000082c   Section      480  lcd.o(.bss)
    lcd_dma_buffer                           0x2000082c   Data         480  lcd.o(.bss)
    .bss                                     0x20000a0c   Section     4612  fft.o(.bss)
    .bss                                     0x20001c10   Section      200  usart.o(.bss)
    .bss                                     0x20001cd8   Section       96  libspace.o(.bss)
    HEAP                                     0x20001d38   Section      512  startup_stm32f10x_md.o(HEAP)
    Heap_Mem                                 0x20001d38   Data         512  startup_stm32f10x_md.o(HEAP)
    STACK                                    0x20001f38   Section     1024  startup_stm32f10x_md.o(STACK)
    Stack_Mem                                0x20001f38   Data        1024  startup_stm32f10x_md.o(STACK)
    __initial_sp                             0x20002338   Data           0  startup_stm32f10x_md.o(STACK)

    Global Symbols

    Symbol Name                              Value     Ov Type        Size  Object(Section)

    BuildAttributes$$THM_ISAv4$P$D$K$B$S$PE$A:L22UL41UL21$X:L11$S22US41US21$IEEE1$IW$USESV6$~STKCKD$USESV7$~SHL$OTIME$ROPI$IEEEX$EBA8$UX$STANDARDLIB$REQ8$PRES8$EABIv2 0x00000000   Number         0  anon$$obj.o ABSOLUTE
    __ARM_use_no_argv                        0x00000000   Number         0  main.o ABSOLUTE
    __ARM_exceptions_init                     - Undefined Weak Reference
    __alloca_initialize                       - Undefined Weak Reference
    __arm_preinit_                            - Undefined Weak Reference
    __cpp_initialize__aeabi_                  - Undefined Weak Reference
    __cxa_finalize                            - Undefined Weak Reference
    __rt_locale                               - Undefined Weak Reference
    __sigvec_lookup                           - Undefined Weak Reference
    _atexit_init                              - Undefined Weak Reference
    _call_atexit_fns                          - Undefined Weak Reference
    _clock_init                               - Undefined Weak Reference
    _fp_trap_init                             - Undefined Weak Reference
    _fp_trap_shutdown                         - Undefined Weak Reference
    _get_lc_collate                           - Undefined Weak Reference
    _get_lc_ctype                             - Undefined Weak Reference
    _get_lc_monetary                          - Undefined Weak Reference
    _get_lc_numeric                           - Undefined Weak Reference
    _get_lc_time                              - Undefined Weak Reference
    _getenv_init                              - Undefined Weak Reference
    _handle_redirection                       - Undefined Weak Reference
    _init_alloc                               - Undefined Weak Reference
    _init_user_alloc                          - Undefined Weak Reference
    _initio                                   - Undefined Weak Reference
    _rand_init                                - Undefined Weak Reference
    _signal_finish                            - Undefined Weak Reference
    _signal_init                              - Undefined Weak Reference
    _terminate_alloc                          - Undefined Weak Reference
    _terminate_user_alloc                     - Undefined Weak Reference
    _terminateio                              - Undefined Weak Reference
    __Vectors_Size                           0x000000ec   Number         0  startup_stm32f10x_md.o ABSOLUTE
    __Vectors                                0x08000000   Data           4  startup_stm32f10x_md.o(RESET)
    __Vectors_End                            0x080000ec   Data           0  startup_stm32f10x_md.o(RESET)
    __main                                   0x080000ed   Thumb Code     8  __main.o(!!!main)
    __scatterload                            0x080000f5   Thumb Code     0  __scatter.o(!!!scatter)
    __scatterload_rt2                        0x080000f5   Thumb Code    44  __scatter.o(!!!scatter)
    __scatterload_rt2_thumb_only             0x080000f5   Thumb Code     0  __scatter.o(!!!scatter)
    __scatterload_null                       0x08000103   Thumb Code     0  __scatter.o(!!!scatter)
    __scatterload_copy                       0x08000129   Thumb Code    26  __scatter_copy.o(!!handler_copy)
    __scatterload_zeroinit                   0x08000145   Thumb Code    28  __scatter_zi.o(!!handler_zi)
    __rt_lib_init                            0x08000161   Thumb Code     0  libinit.o(.ARM.Collect$$libinit$$00000000)
    __rt_lib_init_alloca_1                   0x08000163   Thumb Code     0  libinit2.o(.ARM.Collect$$libinit$$0000002E)
    __rt_lib_init_argv_1                     0x08000163   Thumb Code     0  libinit2.o(.ARM.Collect$$libinit$$0000002C)
    __rt_lib_init_atexit_1                   0x08000163   Thumb Code     0  libinit2.o(.ARM.Collect$$libinit$$0000001B)
    __rt_lib_init_clock_1                    0x08000163   Thumb Code     0  libinit2.o(.ARM.Collect$$libinit$$00000021)
    __rt_lib_init_cpp_1                      0x08000163   Thumb Code     0  libinit2.o(.ARM.Collect$$libinit$$00000032)
    __rt_lib_init_exceptions_1               0x08000163   Thumb Code     0  libinit2.o(.ARM.Collect$$libinit$$00000030)
    __rt_lib_init_fp_1                       0x08000163   Thumb Code     0  libinit2.o(.ARM.Collect$$libinit$$00000002)
    __rt_lib_init_fp_trap_1                  0x08000163   Thumb Code     0  libinit2.o(.ARM.Collect$$libinit$$0000001F)
    __rt_lib_init_getenv_1                   0x08000163   Thumb Code     0  libinit2.o(.ARM.Collect$$libinit$$00000023)
    __rt_lib_init_heap_1                     0x08000163   Thumb Code     0  libinit2.o(.ARM.Collect$$libinit$$0000000A)
    __rt_lib_init_lc_collate_1               0x08000163   Thumb Code     0  libinit2.o(.ARM.Collect$$libinit$$00000011)
    __rt_lib_init_lc_ctype_1                 0x08000163   Thumb Code     0  libinit2.o(.ARM.Collect$$libinit$$00000013)
    __rt_lib_init_lc_monetary_1              0x08000163   Thumb Code     0  libinit2.o(.ARM.Collect$$libinit$$00000015)
    __rt_lib_init_lc_numeric_1               0x08000163   Thumb Code     0  libinit2.o(.ARM.Collect$$libinit$$00000017)
    __rt_lib_init_lc_time_1                  0x08000163   Thumb Code     0  libinit2.o(.ARM.Collect$$libinit$$00000019)
    __rt_lib_init_preinit_1                  0x08000163   Thumb Code     0  libinit2.o(.ARM.Collect$$libinit$$00000004)
    __rt_lib_init_rand_1                     0x08000163   Thumb Code     0  libinit2.o(.ARM.Collect$$libinit$$0000000E)
    __rt_lib_init_return                     0x08000163   Thumb Code     0  libinit2.o(.ARM.Collect$$libinit$$00000033)
    __rt_lib_init_signal_1                   0x08000163   Thumb Code     0  libinit2.o(.ARM.Collect$$libinit$$0000001D)
    __rt_lib_init_stdio_1                    0x08000163   Thumb Code     0  libinit2.o(.ARM.Collect$$libinit$$00000025)
    __rt_lib_init_user_alloc_1               0x08000163   Thumb Code     0  libinit2.o(.ARM.Collect$$libinit$$0000000C)
    __rt_lib_shutdown                        0x08000165   Thumb Code     0  libshutdown.o(.ARM.Collect$$libshutdown$$00000000)
    __rt_lib_shutdown_cpp_1                  0x08000167   Thumb Code     0  libshutdown2.o(.ARM.Collect$$libshutdown$$00000002)
    __rt_lib_shutdown_fp_trap_1              0x08000167   Thumb Code     0  libshutdown2.o(.ARM.Collect$$libshutdown$$00000007)
    __rt_lib_shutdown_heap_1                 0x08000167   Thumb Code     0  libshutdown2.o(.ARM.Collect$$libshutdown$$0000000F)
    __rt_lib_shutdown_return                 0x08000167   Thumb Code     0  libshutdown2.o(.ARM.Collect$$libshutdown$$00000010)
    __rt_lib_shutdown_signal_1               0x08000167   Thumb Code     0  libshutdown2.o(.ARM.Collect$$libshutdown$$0000000A)
    __rt_lib_shutdown_stdio_1                0x08000167   Thumb Code     0  libshutdown2.o(.ARM.Collect$$libshutdown$$00000004)
    __rt_lib_shutdown_user_alloc_1           0x08000167   Thumb Code     0  libshutdown2.o(.ARM.Collect$$libshutdown$$0000000C)
    __rt_entry                               0x08000169   Thumb Code     0  __rtentry.o(.ARM.Collect$$rtentry$$00000000)
    __rt_entry_presh_1                       0x08000169   Thumb Code     0  __rtentry2.o(.ARM.Collect$$rtentry$$00000002)
    __rt_entry_sh                            0x08000169   Thumb Code     0  __rtentry4.o(.ARM.Collect$$rtentry$$00000004)
    __rt_entry_li                            0x0800016f   Thumb Code     0  __rtentry2.o(.ARM.Collect$$rtentry$$0000000A)
    __rt_entry_postsh_1                      0x0800016f   Thumb Code     0  __rtentry2.o(.ARM.Collect$$rtentry$$00000009)
    __rt_entry_main                          0x08000173   Thumb Code     0  __rtentry2.o(.ARM.Collect$$rtentry$$0000000D)
    __rt_entry_postli_1                      0x08000173   Thumb Code     0  __rtentry2.o(.ARM.Collect$$rtentry$$0000000C)
    __rt_exit                                0x0800017b   Thumb Code     0  rtexit.o(.ARM.Collect$$rtexit$$00000000)
    __rt_exit_ls                             0x0800017d   Thumb Code     0  rtexit2.o(.ARM.Collect$$rtexit$$00000003)
    __rt_exit_prels_1                        0x0800017d   Thumb Code     0  rtexit2.o(.ARM.Collect$$rtexit$$00000002)
    __rt_exit_exit                           0x08000181   Thumb Code     0  rtexit2.o(.ARM.Collect$$rtexit$$00000004)
    Reset_Handler                            0x08000189   Thumb Code     8  startup_stm32f10x_md.o(.text)
    ADC1_2_IRQHandler                        0x080001a3   Thumb Code     0  startup_stm32f10x_md.o(.text)
    CAN1_RX1_IRQHandler                      0x080001a3   Thumb Code     0  startup_stm32f10x_md.o(.text)
    CAN1_SCE_IRQHandler                      0x080001a3   Thumb Code     0  startup_stm32f10x_md.o(.text)
    DMA1_Channel1_IRQHandler                 0x080001a3   Thumb Code     0  startup_stm32f10x_md.o(.text)
    DMA1_Channel2_IRQHandler                 0x080001a3   Thumb Code     0  startup_stm32f10x_md.o(.text)
    DMA1_Channel3_IRQHandler                 0x080001a3   Thumb Code     0  startup_stm32f10x_md.o(.text)
    DMA1_Channel4_IRQHandler                 0x080001a3   Thumb Code     0  startup_stm32f10x_md.o(.text)
    DMA1_Channel5_IRQHandler                 0x080001a3   Thumb Code     0  startup_stm32f10x_md.o(.text)
    DMA1_Channel6_IRQHandler                 0x080001a3   Thumb Code     0  startup_stm32f10x_md.o(.text)
    DMA1_Channel7_IRQHandler                 0x080001a3   Thumb Code     0  startup_stm32f10x_md.o(.text)
    EXTI0_IRQHandler                         0x080001a3   Thumb Code     0  startup_stm32f10x_md.o(.text)
    EXTI15_10_IRQHandler                     0x080001a3   Thumb Code     0  startup_stm32f10x_md.o(.text)
    EXTI4_IRQHandler                         0x080001a3   Thumb Code     0  startup_stm32f10x_md.o(.text)
    EXTI9_5_IRQHandler                       0x080001a3   Thumb Code     0  startup_stm32f10x_md.o(.text)
    FLASH_IRQHandler                         0x080001a3   Thumb Code     0  startup_stm32f10x_md.o(.text)
    I2C1_ER_IRQHandler                       0x080001a3   Thumb Code     0  startup_stm32f10x_md.o(.text)
    I2C1_EV_IRQHandler                       0x080001a3   Thumb Code     0  startup_stm32f10x_md.o(.text)
    I2C2_ER_IRQHandler                       0x080001a3   Thumb Code     0  startup_stm32f10x_md.o(.text)
    I2C2_EV_IRQHandler                       0x080001a3   Thumb Code     0  startup_stm32f10x_md.o(.text)
    PVD_IRQHandler                           0x080001a3   Thumb Code     0  startup_stm32f10x_md.o(.text)
    RCC_IRQHandler                           0x080001a3   Thumb Code     0  startup_stm32f10x_md.o(.text)
    RTCAlarm_IRQHandler                      0x080001a3   Thumb Code     0  startup_stm32f10x_md.o(.text)
    RTC_IRQHandler                           0x080001a3   Thumb Code     0  startup_stm32f10x_md.o(.text)
    SPI1_IRQHandler                          0x080001a3   Thumb Code     0  startup_stm32f10x_md.o(.text)
    SPI2_IRQHandler                          0x080001a3   Thumb Code     0  startup_stm32f10x_md.o(.text)
    TAMPER_IRQHandler                        0x080001a3   Thumb Code     0  startup_stm32f10x_md.o(.text)
    TIM1_BRK_IRQHandler                      0x080001a3   Thumb Code     0  startup_stm32f10x_md.o(.text)
    TIM1_CC_IRQHandler                       0x080001a3   Thumb Code     0  startup_stm32f10x_md.o(.text)
    TIM1_TRG_COM_IRQHandler                  0x080001a3   Thumb Code     0  startup_stm32f10x_md.o(.text)
    TIM1_UP_IRQHandler                       0x080001a3   Thumb Code     0  startup_stm32f10x_md.o(.text)
    TIM2_IRQHandler                          0x080001a3   Thumb Code     0  startup_stm32f10x_md.o(.text)
    TIM3_IRQHandler                          0x080001a3   Thumb Code     0  startup_stm32f10x_md.o(.text)
    TIM4_IRQHandler                          0x080001a3   Thumb Code     0  startup_stm32f10x_md.o(.text)
    USART2_IRQHandler                        0x080001a3   Thumb Code     0  startup_stm32f10x_md.o(.text)
    USART3_IRQHandler                        0x080001a3   Thumb Code     0  startup_stm32f10x_md.o(.text)
    USBWakeUp_IRQHandler                     0x080001a3   Thumb Code     0  startup_stm32f10x_md.o(.text)
    USB_HP_CAN1_TX_IRQHandler                0x080001a3   Thumb Code     0  startup_stm32f10x_md.o(.text)
    USB_LP_CAN1_RX0_IRQHandler               0x080001a3   Thumb Code     0  startup_stm32f10x_md.o(.text)
    WWDG_IRQHandler                          0x080001a3   Thumb Code     0  startup_stm32f10x_md.o(.text)
    __user_initial_stackheap                 0x080001a5   Thumb Code     0  startup_stm32f10x_md.o(.text)
    __use_no_semihosting                     0x080001c9   Thumb Code     2  use_no_semi_2.o(.text)
    __use_two_region_memory                  0x080001cb   Thumb Code     2  heapauxi.o(.text)
    __rt_heap_escrow$2region                 0x080001cd   Thumb Code     2  heapauxi.o(.text)
    __rt_heap_expand$2region                 0x080001cf   Thumb Code     2  heapauxi.o(.text)
    __I$use$semihosting                      0x080001d1   Thumb Code     0  use_no_semi.o(.text)
    __use_no_semihosting_swi                 0x080001d1   Thumb Code     2  use_no_semi.o(.text)
    __read_errno                             0x080001d3   Thumb Code    10  _rserrno.o(.text)
    __set_errno                              0x080001dd   Thumb Code    12  _rserrno.o(.text)
    __aeabi_errno_addr                       0x080001e9   Thumb Code     8  rt_errno_addr_intlibspace.o(.text)
    __errno$intlibspace                      0x080001e9   Thumb Code     0  rt_errno_addr_intlibspace.o(.text)
    __rt_errno_addr$intlibspace              0x080001e9   Thumb Code     0  rt_errno_addr_intlibspace.o(.text)
    __user_libspace                          0x080001f1   Thumb Code     8  libspace.o(.text)
    __user_perproc_libspace                  0x080001f1   Thumb Code     0  libspace.o(.text)
    __user_perthread_libspace                0x080001f1   Thumb Code     0  libspace.o(.text)
    __user_setup_stackheap                   0x080001f9   Thumb Code    74  sys_stackheap_outer.o(.text)
    exit                                     0x08000243   Thumb Code    18  exit.o(.text)
    ADC_Cmd                                  0x08000255   Thumb Code    22  stm32f10x_adc.o(i.ADC_Cmd)
    ADC_DMA1_Config                          0x0800026d   Thumb Code    82  adc.o(i.ADC_DMA1_Config)
    ADC_DMACmd                               0x080002c5   Thumb Code    22  stm32f10x_adc.o(i.ADC_DMACmd)
    ADC_DeInit                               0x080002dd   Thumb Code    78  stm32f10x_adc.o(i.ADC_DeInit)
    ADC_ExternalTrigConvCmd                  0x08000339   Thumb Code    22  stm32f10x_adc.o(i.ADC_ExternalTrigConvCmd)
    ADC_GetCalibrationStatus                 0x0800034f   Thumb Code    20  stm32f10x_adc.o(i.ADC_GetCalibrationStatus)
    ADC_GetResetCalibrationStatus            0x08000363   Thumb Code    20  stm32f10x_adc.o(i.ADC_GetResetCalibrationStatus)
    ADC_Init                                 0x08000379   Thumb Code    70  stm32f10x_adc.o(i.ADC_Init)
    ADC_RegularChannelConfig                 0x080003c9   Thumb Code   184  stm32f10x_adc.o(i.ADC_RegularChannelConfig)
    ADC_ResetCalibration                     0x08000481   Thumb Code    10  stm32f10x_adc.o(i.ADC_ResetCalibration)
    ADC_StartCalibration                     0x0800048b   Thumb Code    10  stm32f10x_adc.o(i.ADC_StartCalibration)
    Adc_Init                                 0x08000495   Thumb Code   166  adc.o(i.Adc_Init)
    BusFault_Handler                         0x08000545   Thumb Code     4  stm32f10x_it.o(i.BusFault_Handler)
    Configer_GPIO_Init                       0x08000549   Thumb Code    76  main.o(i.Configer_GPIO_Init)
    DMA_ClearFlag                            0x0800059d   Thumb Code    18  stm32f10x_dma.o(i.DMA_ClearFlag)
    DMA_Cmd                                  0x080005b9   Thumb Code    24  stm32f10x_dma.o(i.DMA_Cmd)
    DMA_DeInit                               0x080005d1   Thumb Code   324  stm32f10x_dma.o(i.DMA_DeInit)
    DMA_GetFlagStatus                        0x0800071d   Thumb Code    36  stm32f10x_dma.o(i.DMA_GetFlagStatus)
    DMA_Init                                 0x08000749   Thumb Code    60  stm32f10x_dma.o(i.DMA_Init)
    DMA_SetCurrDataCounter                   0x08000785   Thumb Code     4  stm32f10x_dma.o(i.DMA_SetCurrDataCounter)
    DebugMon_Handler                         0x08000789   Thumb Code     2  stm32f10x_it.o(i.DebugMon_Handler)
    EXTI1_IRQHandler                         0x0800078d   Thumb Code    66  main.o(i.EXTI1_IRQHandler)
    EXTI2_IRQHandler                         0x080007dd   Thumb Code    92  main.o(i.EXTI2_IRQHandler)
    EXTI3_IRQHandler                         0x0800084d   Thumb Code   104  main.o(i.EXTI3_IRQHandler)
    EXTIX_Init                               0x080008c9   Thumb Code   214  exti.o(i.EXTIX_Init)
    EXTI_ClearITPendingBit                   0x080009a1   Thumb Code     6  stm32f10x_exti.o(i.EXTI_ClearITPendingBit)
    EXTI_GetITStatus                         0x080009ad   Thumb Code    34  stm32f10x_exti.o(i.EXTI_GetITStatus)
    EXTI_Init                                0x080009d5   Thumb Code   142  stm32f10x_exti.o(i.EXTI_Init)
    FFT                                      0x08000a69   Thumb Code   342  fft.o(i.FFT)
    GPIO_EXTILineConfig                      0x08000bc1   Thumb Code    60  stm32f10x_gpio.o(i.GPIO_EXTILineConfig)
    GPIO_Init                                0x08000c01   Thumb Code   278  stm32f10x_gpio.o(i.GPIO_Init)
    GPIO_ReadInputDataBit                    0x08000d17   Thumb Code    18  stm32f10x_gpio.o(i.GPIO_ReadInputDataBit)
    GPIO_ResetBits                           0x08000d29   Thumb Code     4  stm32f10x_gpio.o(i.GPIO_ResetBits)
    GPIO_SetBits                             0x08000d2d   Thumb Code     4  stm32f10x_gpio.o(i.GPIO_SetBits)
    GetGradientColor                         0x08000d31   Thumb Code   250  main.o(i.GetGradientColor)
    Get_Result                               0x08000e31   Thumb Code   132  fft.o(i.Get_Result)
    Hanning_Window                           0x08000eb5   Thumb Code   132  fft.o(i.Hanning_Window)
    HardFault_Handler                        0x08000f49   Thumb Code     4  stm32f10x_it.o(i.HardFault_Handler)
    KEYIN_Init                               0x08000f4d   Thumb Code    52  keyin.o(i.KEYIN_Init)
    LCD_Address_Set                          0x08000f85   Thumb Code    66  lcd_init.o(i.LCD_Address_Set)
    LCD_DrawPoint                            0x08000fc7   Thumb Code    28  lcd.o(i.LCD_DrawPoint)
    LCD_Fill                                 0x08000fe5   Thumb Code   138  lcd.o(i.LCD_Fill)
    LCD_Init                                 0x0800107d   Thumb Code   410  lcd_init.o(i.LCD_Init)
    LCD_SPI_DMA_Init                         0x0800121d   Thumb Code   258  lcd_init.o(i.LCD_SPI_DMA_Init)
    LCD_SPI_DMA_Send                         0x08001331   Thumb Code    74  lcd_init.o(i.LCD_SPI_DMA_Send)
    LCD_SPI_WriteByte                        0x08001385   Thumb Code    42  lcd_init.o(i.LCD_SPI_WriteByte)
    LCD_ShowChar                             0x080013b5   Thumb Code   328  lcd.o(i.LCD_ShowChar)
    LCD_ShowIntNum                           0x0800150d   Thumb Code   150  lcd.o(i.LCD_ShowIntNum)
    LCD_ShowString                           0x080015a3   Thumb Code    66  lcd.o(i.LCD_ShowString)
    LCD_WR_DATA                              0x080015e5   Thumb Code    48  lcd_init.o(i.LCD_WR_DATA)
    LCD_WR_DATA8                             0x0800161d   Thumb Code    42  lcd_init.o(i.LCD_WR_DATA8)
    LCD_WR_REG                               0x08001651   Thumb Code    52  lcd_init.o(i.LCD_WR_REG)
    LCD_display                              0x0800168d   Thumb Code   188  main.o(i.LCD_display)
    LED_Init                                 0x0800175d   Thumb Code    68  led.o(i.LED_Init)
    MemManage_Handler                        0x080017a9   Thumb Code     4  stm32f10x_it.o(i.MemManage_Handler)
    NMI_Handler                              0x080017ad   Thumb Code     2  stm32f10x_it.o(i.NMI_Handler)
    NVIC_Init                                0x080017b1   Thumb Code   100  misc.o(i.NVIC_Init)
    NVIC_PriorityGroupConfig                 0x08001821   Thumb Code    10  misc.o(i.NVIC_PriorityGroupConfig)
    PendSV_Handler                           0x08001835   Thumb Code     2  stm32f10x_it.o(i.PendSV_Handler)
    RCC_ADCCLKConfig                         0x08001839   Thumb Code    18  stm32f10x_rcc.o(i.RCC_ADCCLKConfig)
    RCC_AHBPeriphClockCmd                    0x08001851   Thumb Code    26  stm32f10x_rcc.o(i.RCC_AHBPeriphClockCmd)
    RCC_APB1PeriphClockCmd                   0x08001871   Thumb Code    26  stm32f10x_rcc.o(i.RCC_APB1PeriphClockCmd)
    RCC_APB2PeriphClockCmd                   0x08001891   Thumb Code    26  stm32f10x_rcc.o(i.RCC_APB2PeriphClockCmd)
    RCC_APB2PeriphResetCmd                   0x080018b1   Thumb Code    26  stm32f10x_rcc.o(i.RCC_APB2PeriphResetCmd)
    Remove_DC                                0x080018d1   Thumb Code   120  fft.o(i.Remove_DC)
    SPI_Cmd                                  0x08001949   Thumb Code    24  stm32f10x_spi.o(i.SPI_Cmd)
    SPI_I2S_DMACmd                           0x08001961   Thumb Code    18  stm32f10x_spi.o(i.SPI_I2S_DMACmd)
    SPI_I2S_GetFlagStatus                    0x08001973   Thumb Code    18  stm32f10x_spi.o(i.SPI_I2S_GetFlagStatus)
    SPI_I2S_SendData                         0x08001985   Thumb Code     4  stm32f10x_spi.o(i.SPI_I2S_SendData)
    SPI_Init                                 0x08001989   Thumb Code    60  stm32f10x_spi.o(i.SPI_Init)
    SVC_Handler                              0x080019c5   Thumb Code     2  stm32f10x_it.o(i.SVC_Handler)
    SysTick_CLKSourceConfig                  0x08001ab1   Thumb Code    40  misc.o(i.SysTick_CLKSourceConfig)
    SysTick_Handler                          0x08001ad9   Thumb Code     2  stm32f10x_it.o(i.SysTick_Handler)
    SystemInit                               0x08001add   Thumb Code    78  system_stm32f10x.o(i.SystemInit)
    TIM2_PWM_Init                            0x08001b3d   Thumb Code    96  adc.o(i.TIM2_PWM_Init)
    TIM_Cmd                                  0x08001b9d   Thumb Code    24  stm32f10x_tim.o(i.TIM_Cmd)
    TIM_CtrlPWMOutputs                       0x08001bb5   Thumb Code    30  stm32f10x_tim.o(i.TIM_CtrlPWMOutputs)
    TIM_OC2Init                              0x08001bd5   Thumb Code   154  stm32f10x_tim.o(i.TIM_OC2Init)
    TIM_PrescalerConfig                      0x08001c79   Thumb Code     6  stm32f10x_tim.o(i.TIM_PrescalerConfig)
    TIM_TimeBaseInit                         0x08001c81   Thumb Code   122  stm32f10x_tim.o(i.TIM_TimeBaseInit)
    USART1_IRQHandler                        0x08001d25   Thumb Code   122  usart.o(i.USART1_IRQHandler)
    USART_GetITStatus                        0x08001dad   Thumb Code    84  stm32f10x_usart.o(i.USART_GetITStatus)
    USART_ReceiveData                        0x08001e01   Thumb Code    10  stm32f10x_usart.o(i.USART_ReceiveData)
    UsageFault_Handler                       0x08001e0b   Thumb Code     4  stm32f10x_it.o(i.UsageFault_Handler)
    __ARM_fpclassify                         0x08001e0f   Thumb Code    40  fpclassify.o(i.__ARM_fpclassify)
    __ieee754_rem_pio2                       0x08001e39   Thumb Code   828  rred.o(i.__ieee754_rem_pio2)
    __kernel_cos                             0x080021c1   Thumb Code   230  cos_i.o(i.__kernel_cos)
    __kernel_poly                            0x080022bd   Thumb Code   170  poly.o(i.__kernel_poly)
    __kernel_sin                             0x08002369   Thumb Code   224  sin_i.o(i.__kernel_sin)
    __mathlib_dbl_infnan                     0x08002455   Thumb Code     6  dunder.o(i.__mathlib_dbl_infnan)
    __mathlib_dbl_invalid                    0x0800245b   Thumb Code    12  dunder.o(i.__mathlib_dbl_invalid)
    __mathlib_dbl_underflow                  0x08002469   Thumb Code    10  dunder.o(i.__mathlib_dbl_underflow)
    _sys_exit                                0x08002479   Thumb Code     4  usart.o(i._sys_exit)
    cos                                      0x0800247d   Thumb Code   148  cos.o(i.cos)
    cos_tab                                  0x08002519   Thumb Code    34  fft.o(i.cos_tab)
    create_sin_tab                           0x08002541   Thumb Code    72  fft.o(i.create_sin_tab)
    delay_init                               0x08002591   Thumb Code    50  delay.o(i.delay_init)
    delay_ms                                 0x080025d5   Thumb Code    72  delay.o(i.delay_ms)
    main                                     0x08002621   Thumb Code   804  main.o(i.main)
    mypow                                    0x080029bd   Thumb Code    22  lcd.o(i.mypow)
    sin                                      0x080029d5   Thumb Code   150  sin.o(i.sin)
    sin_tab                                  0x08002a75   Thumb Code    18  fft.o(i.sin_tab)
    sqrt                                     0x08002a8d   Thumb Code    76  sqrt.o(i.sqrt)
    __aeabi_d2f                              0x08002ad9   Thumb Code     0  d2f.o(x$fpl$d2f)
    _d2f                                     0x08002ad9   Thumb Code    98  d2f.o(x$fpl$d2f)
    __aeabi_dadd                             0x08002b3d   Thumb Code     0  daddsub_clz.o(x$fpl$dadd)
    _dadd                                    0x08002b3d   Thumb Code   332  daddsub_clz.o(x$fpl$dadd)
    __fpl_dcheck_NaN1                        0x08002c8d   Thumb Code    10  dcheck1.o(x$fpl$dcheck1)
    __fpl_dcmp_Inf                           0x08002c9d   Thumb Code    24  dcmpi.o(x$fpl$dcmpinf)
    __aeabi_ddiv                             0x08002cb5   Thumb Code     0  ddiv.o(x$fpl$ddiv)
    _ddiv                                    0x08002cb5   Thumb Code   552  ddiv.o(x$fpl$ddiv)
    __aeabi_d2iz                             0x08002f65   Thumb Code     0  dfix.o(x$fpl$dfix)
    _dfix                                    0x08002f65   Thumb Code    94  dfix.o(x$fpl$dfix)
    __aeabi_d2uiz                            0x08002fc5   Thumb Code     0  dfixu.o(x$fpl$dfixu)
    _dfixu                                   0x08002fc5   Thumb Code    90  dfixu.o(x$fpl$dfixu)
    __aeabi_i2d                              0x0800301f   Thumb Code     0  dflt_clz.o(x$fpl$dflt)
    _dflt                                    0x0800301f   Thumb Code    46  dflt_clz.o(x$fpl$dflt)
    __aeabi_ui2d                             0x0800304d   Thumb Code     0  dflt_clz.o(x$fpl$dfltu)
    _dfltu                                   0x0800304d   Thumb Code    38  dflt_clz.o(x$fpl$dfltu)
    __aeabi_cdcmple                          0x08003075   Thumb Code     0  dleqf.o(x$fpl$dleqf)
    _dcmple                                  0x08003075   Thumb Code   120  dleqf.o(x$fpl$dleqf)
    __fpl_dcmple_InfNaN                      0x080030d7   Thumb Code     0  dleqf.o(x$fpl$dleqf)
    __aeabi_dmul                             0x080030ed   Thumb Code     0  dmul.o(x$fpl$dmul)
    _dmul                                    0x080030ed   Thumb Code   332  dmul.o(x$fpl$dmul)
    __fpl_dnaninf                            0x08003241   Thumb Code   156  dnaninf.o(x$fpl$dnaninf)
    __fpl_dretinf                            0x080032dd   Thumb Code    12  dretinf.o(x$fpl$dretinf)
    __aeabi_cdrcmple                         0x080032e9   Thumb Code     0  drleqf.o(x$fpl$drleqf)
    _drcmple                                 0x080032e9   Thumb Code   108  drleqf.o(x$fpl$drleqf)
    __aeabi_drsub                            0x08003355   Thumb Code     0  daddsub_clz.o(x$fpl$drsb)
    _drsb                                    0x08003355   Thumb Code    22  daddsub_clz.o(x$fpl$drsb)
    _dsqrt                                   0x0800336d   Thumb Code   456  dsqrt_noumaal.o(x$fpl$dsqrt)
    __aeabi_dsub                             0x08003539   Thumb Code     0  daddsub_clz.o(x$fpl$dsub)
    _dsub                                    0x08003539   Thumb Code   464  daddsub_clz.o(x$fpl$dsub)
    __aeabi_f2d                              0x0800370d   Thumb Code     0  f2d.o(x$fpl$f2d)
    _f2d                                     0x0800370d   Thumb Code    86  f2d.o(x$fpl$f2d)
    __aeabi_fadd                             0x08003765   Thumb Code     0  faddsub_clz.o(x$fpl$fadd)
    _fadd                                    0x08003765   Thumb Code   196  faddsub_clz.o(x$fpl$fadd)
    __fpl_fcmp_Inf                           0x08003829   Thumb Code    24  fcmpi.o(x$fpl$fcmpinf)
    __aeabi_fdiv                             0x08003841   Thumb Code     0  fdiv.o(x$fpl$fdiv)
    _fdiv                                    0x08003841   Thumb Code   384  fdiv.o(x$fpl$fdiv)
    __aeabi_f2uiz                            0x080039c5   Thumb Code     0  ffixu.o(x$fpl$ffixu)
    _ffixu                                   0x080039c5   Thumb Code    62  ffixu.o(x$fpl$ffixu)
    __aeabi_ui2f                             0x08003a05   Thumb Code     0  fflt_clz.o(x$fpl$ffltu)
    _ffltu                                   0x08003a05   Thumb Code    38  fflt_clz.o(x$fpl$ffltu)
    __aeabi_cfcmple                          0x08003a2d   Thumb Code     0  fleqf.o(x$fpl$fleqf)
    _fcmple                                  0x08003a2d   Thumb Code   104  fleqf.o(x$fpl$fleqf)
    __fpl_fcmple_InfNaN                      0x08003a7f   Thumb Code     0  fleqf.o(x$fpl$fleqf)
    __aeabi_fmul                             0x08003a95   Thumb Code     0  fmul.o(x$fpl$fmul)
    _fmul                                    0x08003a95   Thumb Code   258  fmul.o(x$fpl$fmul)
    __fpl_fnaninf                            0x08003b97   Thumb Code   140  fnaninf.o(x$fpl$fnaninf)
    __fpl_fretinf                            0x08003c23   Thumb Code    10  fretinf.o(x$fpl$fretinf)
    __aeabi_fsub                             0x08003c2d   Thumb Code     0  faddsub_clz.o(x$fpl$fsub)
    _fsub                                    0x08003c2d   Thumb Code   234  faddsub_clz.o(x$fpl$fsub)
    __fpl_return_NaN                         0x08003d17   Thumb Code   100  retnan.o(x$fpl$retnan)
    __ARM_scalbn                             0x08003d7b   Thumb Code    92  scalbn.o(x$fpl$scalbn)
    __fpl_cmpreturn                          0x08003dd7   Thumb Code    48  trapv.o(x$fpl$trapveneer)
    __I$use$fp                               0x08003e06   Number         0  usenofp.o(x$fpl$usenofp)
    ascii_1206                               0x08003e06   Data        1140  lcd.o(.constdata)
    ascii_1608                               0x0800427a   Data        1520  lcd.o(.constdata)
    ascii_2412                               0x0800486a   Data        4560  lcd.o(.constdata)
    ascii_3216                               0x08005a3a   Data        6080  lcd.o(.constdata)
    tfont12                                  0x080071fa   Data         130  lcd.o(.constdata)
    tfont16                                  0x0800727c   Data         170  lcd.o(.constdata)
    tfont24                                  0x08007326   Data         370  lcd.o(.constdata)
    tfont32                                  0x08007498   Data         650  lcd.o(.constdata)
    Region$$Table$$Base                      0x08007848   Number         0  anon$$obj.o(Region$$Table)
    Region$$Table$$Limit                     0x08007868   Number         0  anon$$obj.o(Region$$Table)
    SystemCoreClock                          0x20000000   Data           4  system_stm32f10x.o(.data)
    AHBPrescTable                            0x20000004   Data          16  system_stm32f10x.o(.data)
    fa                                       0x20000014   Data           1  main.o(.data)
    fs                                       0x20000016   Data           2  main.o(.data)
    fra                                      0x20000018   Data           2  main.o(.data)
    fsc                                      0x2000001a   Data           2  main.o(.data)
    Show_Flag                                0x2000001c   Data           1  main.o(.data)
    gain_Flag                                0x2000001d   Data           1  main.o(.data)
    __stdout                                 0x20000024   Data           4  usart.o(.data)
    USART_RX_STA                             0x20000028   Data           2  usart.o(.data)
    Adc_12bit                                0x2000002c   Data        1024  main.o(.bss)
    amp                                      0x2000042c   Data         512  main.o(.bss)
    preamp                                   0x2000062c   Data         512  main.o(.bss)
    Compx                                    0x20000a0c   Data        4096  fft.o(.bss)
    SIN_TAB                                  0x20001a0c   Data         516  fft.o(.bss)
    USART_RX_BUF                             0x20001c10   Data         200  usart.o(.bss)
    __libspace_start                         0x20001cd8   Data          96  libspace.o(.bss)
    __temporary_stack_top$libspace           0x20001d38   Data           0  libspace.o(.bss)



==============================================================================

Memory Map of the image

  Image Entry point : 0x080000ed

  Load Region LR_IROM1 (Base: 0x08000000, Size: 0x00007894, Max: 0x00010000, ABSOLUTE)

    Execution Region ER_IROM1 (Exec base: 0x08000000, Load base: 0x08000000, Size: 0x00007868, Max: 0x00010000, ABSOLUTE)

    Exec Addr    Load Addr    Size         Type   Attr      Idx    E Section Name        Object

    0x08000000   0x08000000   0x000000ec   Data   RO          575    RESET               startup_stm32f10x_md.o
    0x080000ec   0x080000ec   0x00000008   Code   RO         3671  * !!!main             c_w.l(__main.o)
    0x080000f4   0x080000f4   0x00000034   Code   RO         3970    !!!scatter          c_w.l(__scatter.o)
    0x08000128   0x08000128   0x0000001a   Code   RO         3972    !!handler_copy      c_w.l(__scatter_copy.o)
    0x08000142   0x08000142   0x00000002   PAD
    0x08000144   0x08000144   0x0000001c   Code   RO         3974    !!handler_zi        c_w.l(__scatter_zi.o)
    0x08000160   0x08000160   0x00000002   Code   RO         3841    .ARM.Collect$$libinit$$00000000  c_w.l(libinit.o)
    0x08000162   0x08000162   0x00000000   Code   RO         3847    .ARM.Collect$$libinit$$00000002  c_w.l(libinit2.o)
    0x08000162   0x08000162   0x00000000   Code   RO         3849    .ARM.Collect$$libinit$$00000004  c_w.l(libinit2.o)
    0x08000162   0x08000162   0x00000000   Code   RO         3852    .ARM.Collect$$libinit$$0000000A  c_w.l(libinit2.o)
    0x08000162   0x08000162   0x00000000   Code   RO         3854    .ARM.Collect$$libinit$$0000000C  c_w.l(libinit2.o)
    0x08000162   0x08000162   0x00000000   Code   RO         3856    .ARM.Collect$$libinit$$0000000E  c_w.l(libinit2.o)
    0x08000162   0x08000162   0x00000000   Code   RO         3859    .ARM.Collect$$libinit$$00000011  c_w.l(libinit2.o)
    0x08000162   0x08000162   0x00000000   Code   RO         3861    .ARM.Collect$$libinit$$00000013  c_w.l(libinit2.o)
    0x08000162   0x08000162   0x00000000   Code   RO         3863    .ARM.Collect$$libinit$$00000015  c_w.l(libinit2.o)
    0x08000162   0x08000162   0x00000000   Code   RO         3865    .ARM.Collect$$libinit$$00000017  c_w.l(libinit2.o)
    0x08000162   0x08000162   0x00000000   Code   RO         3867    .ARM.Collect$$libinit$$00000019  c_w.l(libinit2.o)
    0x08000162   0x08000162   0x00000000   Code   RO         3869    .ARM.Collect$$libinit$$0000001B  c_w.l(libinit2.o)
    0x08000162   0x08000162   0x00000000   Code   RO         3871    .ARM.Collect$$libinit$$0000001D  c_w.l(libinit2.o)
    0x08000162   0x08000162   0x00000000   Code   RO         3873    .ARM.Collect$$libinit$$0000001F  c_w.l(libinit2.o)
    0x08000162   0x08000162   0x00000000   Code   RO         3875    .ARM.Collect$$libinit$$00000021  c_w.l(libinit2.o)
    0x08000162   0x08000162   0x00000000   Code   RO         3877    .ARM.Collect$$libinit$$00000023  c_w.l(libinit2.o)
    0x08000162   0x08000162   0x00000000   Code   RO         3879    .ARM.Collect$$libinit$$00000025  c_w.l(libinit2.o)
    0x08000162   0x08000162   0x00000000   Code   RO         3883    .ARM.Collect$$libinit$$0000002C  c_w.l(libinit2.o)
    0x08000162   0x08000162   0x00000000   Code   RO         3885    .ARM.Collect$$libinit$$0000002E  c_w.l(libinit2.o)
    0x08000162   0x08000162   0x00000000   Code   RO         3887    .ARM.Collect$$libinit$$00000030  c_w.l(libinit2.o)
    0x08000162   0x08000162   0x00000000   Code   RO         3889    .ARM.Collect$$libinit$$00000032  c_w.l(libinit2.o)
    0x08000162   0x08000162   0x00000002   Code   RO         3890    .ARM.Collect$$libinit$$00000033  c_w.l(libinit2.o)
    0x08000164   0x08000164   0x00000002   Code   RO         3912    .ARM.Collect$$libshutdown$$00000000  c_w.l(libshutdown.o)
    0x08000166   0x08000166   0x00000000   Code   RO         3922    .ARM.Collect$$libshutdown$$00000002  c_w.l(libshutdown2.o)
    0x08000166   0x08000166   0x00000000   Code   RO         3924    .ARM.Collect$$libshutdown$$00000004  c_w.l(libshutdown2.o)
    0x08000166   0x08000166   0x00000000   Code   RO         3927    .ARM.Collect$$libshutdown$$00000007  c_w.l(libshutdown2.o)
    0x08000166   0x08000166   0x00000000   Code   RO         3930    .ARM.Collect$$libshutdown$$0000000A  c_w.l(libshutdown2.o)
    0x08000166   0x08000166   0x00000000   Code   RO         3932    .ARM.Collect$$libshutdown$$0000000C  c_w.l(libshutdown2.o)
    0x08000166   0x08000166   0x00000000   Code   RO         3935    .ARM.Collect$$libshutdown$$0000000F  c_w.l(libshutdown2.o)
    0x08000166   0x08000166   0x00000002   Code   RO         3936    .ARM.Collect$$libshutdown$$00000010  c_w.l(libshutdown2.o)
    0x08000168   0x08000168   0x00000000   Code   RO         3751    .ARM.Collect$$rtentry$$00000000  c_w.l(__rtentry.o)
    0x08000168   0x08000168   0x00000000   Code   RO         3798    .ARM.Collect$$rtentry$$00000002  c_w.l(__rtentry2.o)
    0x08000168   0x08000168   0x00000006   Code   RO         3810    .ARM.Collect$$rtentry$$00000004  c_w.l(__rtentry4.o)
    0x0800016e   0x0800016e   0x00000000   Code   RO         3800    .ARM.Collect$$rtentry$$00000009  c_w.l(__rtentry2.o)
    0x0800016e   0x0800016e   0x00000004   Code   RO         3801    .ARM.Collect$$rtentry$$0000000A  c_w.l(__rtentry2.o)
    0x08000172   0x08000172   0x00000000   Code   RO         3803    .ARM.Collect$$rtentry$$0000000C  c_w.l(__rtentry2.o)
    0x08000172   0x08000172   0x00000008   Code   RO         3804    .ARM.Collect$$rtentry$$0000000D  c_w.l(__rtentry2.o)
    0x0800017a   0x0800017a   0x00000002   Code   RO         3844    .ARM.Collect$$rtexit$$00000000  c_w.l(rtexit.o)
    0x0800017c   0x0800017c   0x00000000   Code   RO         3894    .ARM.Collect$$rtexit$$00000002  c_w.l(rtexit2.o)
    0x0800017c   0x0800017c   0x00000004   Code   RO         3895    .ARM.Collect$$rtexit$$00000003  c_w.l(rtexit2.o)
    0x08000180   0x08000180   0x00000006   Code   RO         3896    .ARM.Collect$$rtexit$$00000004  c_w.l(rtexit2.o)
    0x08000186   0x08000186   0x00000002   PAD
    0x08000188   0x08000188   0x00000040   Code   RO          576    .text               startup_stm32f10x_md.o
    0x080001c8   0x080001c8   0x00000002   Code   RO         3667    .text               c_w.l(use_no_semi_2.o)
    0x080001ca   0x080001ca   0x00000006   Code   RO         3669    .text               c_w.l(heapauxi.o)
    0x080001d0   0x080001d0   0x00000002   Code   RO         3749    .text               c_w.l(use_no_semi.o)
    0x080001d2   0x080001d2   0x00000016   Code   RO         3752    .text               c_w.l(_rserrno.o)
    0x080001e8   0x080001e8   0x00000008   Code   RO         3815    .text               c_w.l(rt_errno_addr_intlibspace.o)
    0x080001f0   0x080001f0   0x00000008   Code   RO         3829    .text               c_w.l(libspace.o)
    0x080001f8   0x080001f8   0x0000004a   Code   RO         3832    .text               c_w.l(sys_stackheap_outer.o)
    0x08000242   0x08000242   0x00000012   Code   RO         3834    .text               c_w.l(exit.o)
    0x08000254   0x08000254   0x00000016   Code   RO          622    i.ADC_Cmd           stm32f10x_adc.o
    0x0800026a   0x0800026a   0x00000002   PAD
    0x0800026c   0x0800026c   0x00000058   Code   RO          251    i.ADC_DMA1_Config   adc.o
    0x080002c4   0x080002c4   0x00000016   Code   RO          623    i.ADC_DMACmd        stm32f10x_adc.o
    0x080002da   0x080002da   0x00000002   PAD
    0x080002dc   0x080002dc   0x0000005c   Code   RO          624    i.ADC_DeInit        stm32f10x_adc.o
    0x08000338   0x08000338   0x00000016   Code   RO          627    i.ADC_ExternalTrigConvCmd  stm32f10x_adc.o
    0x0800034e   0x0800034e   0x00000014   Code   RO          630    i.ADC_GetCalibrationStatus  stm32f10x_adc.o
    0x08000362   0x08000362   0x00000014   Code   RO          636    i.ADC_GetResetCalibrationStatus  stm32f10x_adc.o
    0x08000376   0x08000376   0x00000002   PAD
    0x08000378   0x08000378   0x00000050   Code   RO          640    i.ADC_Init          stm32f10x_adc.o
    0x080003c8   0x080003c8   0x000000b8   Code   RO          644    i.ADC_RegularChannelConfig  stm32f10x_adc.o
    0x08000480   0x08000480   0x0000000a   Code   RO          645    i.ADC_ResetCalibration  stm32f10x_adc.o
    0x0800048a   0x0800048a   0x0000000a   Code   RO          649    i.ADC_StartCalibration  stm32f10x_adc.o
    0x08000494   0x08000494   0x000000b0   Code   RO          252    i.Adc_Init          adc.o
    0x08000544   0x08000544   0x00000004   Code   RO            1    i.BusFault_Handler  stm32f10x_it.o
    0x08000548   0x08000548   0x00000054   Code   RO          144    i.Configer_GPIO_Init  main.o
    0x0800059c   0x0800059c   0x0000001c   Code   RO         1320    i.DMA_ClearFlag     stm32f10x_dma.o
    0x080005b8   0x080005b8   0x00000018   Code   RO         1322    i.DMA_Cmd           stm32f10x_dma.o
    0x080005d0   0x080005d0   0x0000014c   Code   RO         1323    i.DMA_DeInit        stm32f10x_dma.o
    0x0800071c   0x0800071c   0x0000002c   Code   RO         1325    i.DMA_GetFlagStatus  stm32f10x_dma.o
    0x08000748   0x08000748   0x0000003c   Code   RO         1328    i.DMA_Init          stm32f10x_dma.o
    0x08000784   0x08000784   0x00000004   Code   RO         1329    i.DMA_SetCurrDataCounter  stm32f10x_dma.o
    0x08000788   0x08000788   0x00000002   Code   RO            2    i.DebugMon_Handler  stm32f10x_it.o
    0x0800078a   0x0800078a   0x00000002   PAD
    0x0800078c   0x0800078c   0x00000050   Code   RO          145    i.EXTI1_IRQHandler  main.o
    0x080007dc   0x080007dc   0x00000070   Code   RO          146    i.EXTI2_IRQHandler  main.o
    0x0800084c   0x0800084c   0x0000007c   Code   RO          147    i.EXTI3_IRQHandler  main.o
    0x080008c8   0x080008c8   0x000000d6   Code   RO          294    i.EXTIX_Init        exti.o
    0x0800099e   0x0800099e   0x00000002   PAD
    0x080009a0   0x080009a0   0x0000000c   Code   RO         1393    i.EXTI_ClearITPendingBit  stm32f10x_exti.o
    0x080009ac   0x080009ac   0x00000028   Code   RO         1397    i.EXTI_GetITStatus  stm32f10x_exti.o
    0x080009d4   0x080009d4   0x00000094   Code   RO         1398    i.EXTI_Init         stm32f10x_exti.o
    0x08000a68   0x08000a68   0x00000156   Code   RO          508    i.FFT               fft.o
    0x08000bbe   0x08000bbe   0x00000002   PAD
    0x08000bc0   0x08000bc0   0x00000040   Code   RO         1749    i.GPIO_EXTILineConfig  stm32f10x_gpio.o
    0x08000c00   0x08000c00   0x00000116   Code   RO         1752    i.GPIO_Init         stm32f10x_gpio.o
    0x08000d16   0x08000d16   0x00000012   Code   RO         1756    i.GPIO_ReadInputDataBit  stm32f10x_gpio.o
    0x08000d28   0x08000d28   0x00000004   Code   RO         1759    i.GPIO_ResetBits    stm32f10x_gpio.o
    0x08000d2c   0x08000d2c   0x00000004   Code   RO         1760    i.GPIO_SetBits      stm32f10x_gpio.o
    0x08000d30   0x08000d30   0x00000100   Code   RO          148    i.GetGradientColor  main.o
    0x08000e30   0x08000e30   0x00000084   Code   RO          509    i.Get_Result        fft.o
    0x08000eb4   0x08000eb4   0x00000094   Code   RO          510    i.Hanning_Window    fft.o
    0x08000f48   0x08000f48   0x00000004   Code   RO            3    i.HardFault_Handler  stm32f10x_it.o
    0x08000f4c   0x08000f4c   0x00000038   Code   RO          275    i.KEYIN_Init        keyin.o
    0x08000f84   0x08000f84   0x00000042   Code   RO          439    i.LCD_Address_Set   lcd_init.o
    0x08000fc6   0x08000fc6   0x0000001c   Code   RO          309    i.LCD_DrawPoint     lcd.o
    0x08000fe2   0x08000fe2   0x00000002   PAD
    0x08000fe4   0x08000fe4   0x00000098   Code   RO          311    i.LCD_Fill          lcd.o
    0x0800107c   0x0800107c   0x000001a0   Code   RO          440    i.LCD_Init          lcd_init.o
    0x0800121c   0x0800121c   0x00000114   Code   RO          441    i.LCD_SPI_DMA_Init  lcd_init.o
    0x08001330   0x08001330   0x00000054   Code   RO          442    i.LCD_SPI_DMA_Send  lcd_init.o
    0x08001384   0x08001384   0x00000030   Code   RO          443    i.LCD_SPI_WriteByte  lcd_init.o
    0x080013b4   0x080013b4   0x00000158   Code   RO          313    i.LCD_ShowChar      lcd.o
    0x0800150c   0x0800150c   0x00000096   Code   RO          320    i.LCD_ShowIntNum    lcd.o
    0x080015a2   0x080015a2   0x00000042   Code   RO          322    i.LCD_ShowString    lcd.o
    0x080015e4   0x080015e4   0x00000038   Code   RO          444    i.LCD_WR_DATA       lcd_init.o
    0x0800161c   0x0800161c   0x00000034   Code   RO          445    i.LCD_WR_DATA8      lcd_init.o
    0x08001650   0x08001650   0x0000003c   Code   RO          446    i.LCD_WR_REG        lcd_init.o
    0x0800168c   0x0800168c   0x000000d0   Code   RO          149    i.LCD_display       main.o
    0x0800175c   0x0800175c   0x0000004c   Code   RO          496    i.LED_Init          led.o
    0x080017a8   0x080017a8   0x00000004   Code   RO            4    i.MemManage_Handler  stm32f10x_it.o
    0x080017ac   0x080017ac   0x00000002   Code   RO            5    i.NMI_Handler       stm32f10x_it.o
    0x080017ae   0x080017ae   0x00000002   PAD
    0x080017b0   0x080017b0   0x00000070   Code   RO          580    i.NVIC_Init         misc.o
    0x08001820   0x08001820   0x00000014   Code   RO          581    i.NVIC_PriorityGroupConfig  misc.o
    0x08001834   0x08001834   0x00000002   Code   RO            6    i.PendSV_Handler    stm32f10x_it.o
    0x08001836   0x08001836   0x00000002   PAD
    0x08001838   0x08001838   0x00000018   Code   RO         2175    i.RCC_ADCCLKConfig  stm32f10x_rcc.o
    0x08001850   0x08001850   0x00000020   Code   RO         2176    i.RCC_AHBPeriphClockCmd  stm32f10x_rcc.o
    0x08001870   0x08001870   0x00000020   Code   RO         2177    i.RCC_APB1PeriphClockCmd  stm32f10x_rcc.o
    0x08001890   0x08001890   0x00000020   Code   RO         2179    i.RCC_APB2PeriphClockCmd  stm32f10x_rcc.o
    0x080018b0   0x080018b0   0x00000020   Code   RO         2180    i.RCC_APB2PeriphResetCmd  stm32f10x_rcc.o
    0x080018d0   0x080018d0   0x00000078   Code   RO          511    i.Remove_DC         fft.o
    0x08001948   0x08001948   0x00000018   Code   RO         2662    i.SPI_Cmd           stm32f10x_spi.o
    0x08001960   0x08001960   0x00000012   Code   RO         2668    i.SPI_I2S_DMACmd    stm32f10x_spi.o
    0x08001972   0x08001972   0x00000012   Code   RO         2670    i.SPI_I2S_GetFlagStatus  stm32f10x_spi.o
    0x08001984   0x08001984   0x00000004   Code   RO         2674    i.SPI_I2S_SendData  stm32f10x_spi.o
    0x08001988   0x08001988   0x0000003c   Code   RO         2675    i.SPI_Init          stm32f10x_spi.o
    0x080019c4   0x080019c4   0x00000002   Code   RO            7    i.SVC_Handler       stm32f10x_it.o
    0x080019c6   0x080019c6   0x00000008   Code   RO          110    i.SetSysClock       system_stm32f10x.o
    0x080019ce   0x080019ce   0x00000002   PAD
    0x080019d0   0x080019d0   0x000000e0   Code   RO          111    i.SetSysClockTo72   system_stm32f10x.o
    0x08001ab0   0x08001ab0   0x00000028   Code   RO          584    i.SysTick_CLKSourceConfig  misc.o
    0x08001ad8   0x08001ad8   0x00000002   Code   RO            8    i.SysTick_Handler   stm32f10x_it.o
    0x08001ada   0x08001ada   0x00000002   PAD
    0x08001adc   0x08001adc   0x00000060   Code   RO          113    i.SystemInit        system_stm32f10x.o
    0x08001b3c   0x08001b3c   0x00000060   Code   RO          253    i.TIM2_PWM_Init     adc.o
    0x08001b9c   0x08001b9c   0x00000018   Code   RO         2817    i.TIM_Cmd           stm32f10x_tim.o
    0x08001bb4   0x08001bb4   0x0000001e   Code   RO         2819    i.TIM_CtrlPWMOutputs  stm32f10x_tim.o
    0x08001bd2   0x08001bd2   0x00000002   PAD
    0x08001bd4   0x08001bd4   0x000000a4   Code   RO         2851    i.TIM_OC2Init       stm32f10x_tim.o
    0x08001c78   0x08001c78   0x00000006   Code   RO         2866    i.TIM_PrescalerConfig  stm32f10x_tim.o
    0x08001c7e   0x08001c7e   0x00000002   PAD
    0x08001c80   0x08001c80   0x000000a4   Code   RO         2888    i.TIM_TimeBaseInit  stm32f10x_tim.o
    0x08001d24   0x08001d24   0x00000088   Code   RO         3624    i.USART1_IRQHandler  usart.o
    0x08001dac   0x08001dac   0x00000054   Code   RO         3357    i.USART_GetITStatus  stm32f10x_usart.o
    0x08001e00   0x08001e00   0x0000000a   Code   RO         3367    i.USART_ReceiveData  stm32f10x_usart.o
    0x08001e0a   0x08001e0a   0x00000004   Code   RO            9    i.UsageFault_Handler  stm32f10x_it.o
    0x08001e0e   0x08001e0e   0x00000028   Code   RO         3825    i.__ARM_fpclassify  m_ws.l(fpclassify.o)
    0x08001e36   0x08001e36   0x00000002   PAD
    0x08001e38   0x08001e38   0x00000388   Code   RO         3786    i.__ieee754_rem_pio2  m_ws.l(rred.o)
    0x080021c0   0x080021c0   0x000000fc   Code   RO         3769    i.__kernel_cos      m_ws.l(cos_i.o)
    0x080022bc   0x080022bc   0x000000aa   Code   RO         3827    i.__kernel_poly     m_ws.l(poly.o)
    0x08002366   0x08002366   0x00000002   PAD
    0x08002368   0x08002368   0x000000ec   Code   RO         3791    i.__kernel_sin      m_ws.l(sin_i.o)
    0x08002454   0x08002454   0x00000006   Code   RO         3773    i.__mathlib_dbl_infnan  m_ws.l(dunder.o)
    0x0800245a   0x0800245a   0x0000000c   Code   RO         3775    i.__mathlib_dbl_invalid  m_ws.l(dunder.o)
    0x08002466   0x08002466   0x00000002   PAD
    0x08002468   0x08002468   0x00000010   Code   RO         3778    i.__mathlib_dbl_underflow  m_ws.l(dunder.o)
    0x08002478   0x08002478   0x00000004   Code   RO         3625    i._sys_exit         usart.o
    0x0800247c   0x0800247c   0x0000009c   Code   RO         3726    i.cos               m_ws.l(cos.o)
    0x08002518   0x08002518   0x00000028   Code   RO          512    i.cos_tab           fft.o
    0x08002540   0x08002540   0x00000050   Code   RO          513    i.create_sin_tab    fft.o
    0x08002590   0x08002590   0x00000044   Code   RO         3586    i.delay_init        delay.o
    0x080025d4   0x080025d4   0x0000004c   Code   RO         3587    i.delay_ms          delay.o
    0x08002620   0x08002620   0x0000039c   Code   RO          150    i.main              main.o
    0x080029bc   0x080029bc   0x00000016   Code   RO          325    i.mypow             lcd.o
    0x080029d2   0x080029d2   0x00000002   PAD
    0x080029d4   0x080029d4   0x000000a0   Code   RO         3734    i.sin               m_ws.l(sin.o)
    0x08002a74   0x08002a74   0x00000018   Code   RO          514    i.sin_tab           fft.o
    0x08002a8c   0x08002a8c   0x0000004c   Code   RO         3742    i.sqrt              m_ws.l(sqrt.o)
    0x08002ad8   0x08002ad8   0x00000062   Code   RO         3673    x$fpl$d2f           fz_ws.l(d2f.o)
    0x08002b3a   0x08002b3a   0x00000002   PAD
    0x08002b3c   0x08002b3c   0x00000150   Code   RO         3675    x$fpl$dadd          fz_ws.l(daddsub_clz.o)
    0x08002c8c   0x08002c8c   0x00000010   Code   RO         3842    x$fpl$dcheck1       fz_ws.l(dcheck1.o)
    0x08002c9c   0x08002c9c   0x00000018   Code   RO         3817    x$fpl$dcmpinf       fz_ws.l(dcmpi.o)
    0x08002cb4   0x08002cb4   0x000002b0   Code   RO         3682    x$fpl$ddiv          fz_ws.l(ddiv.o)
    0x08002f64   0x08002f64   0x0000005e   Code   RO         3819    x$fpl$dfix          fz_ws.l(dfix.o)
    0x08002fc2   0x08002fc2   0x00000002   PAD
    0x08002fc4   0x08002fc4   0x0000005a   Code   RO         3685    x$fpl$dfixu         fz_ws.l(dfixu.o)
    0x0800301e   0x0800301e   0x0000002e   Code   RO         3690    x$fpl$dflt          fz_ws.l(dflt_clz.o)
    0x0800304c   0x0800304c   0x00000026   Code   RO         3689    x$fpl$dfltu         fz_ws.l(dflt_clz.o)
    0x08003072   0x08003072   0x00000002   PAD
    0x08003074   0x08003074   0x00000078   Code   RO         3754    x$fpl$dleqf         fz_ws.l(dleqf.o)
    0x080030ec   0x080030ec   0x00000154   Code   RO         3695    x$fpl$dmul          fz_ws.l(dmul.o)
    0x08003240   0x08003240   0x0000009c   Code   RO         3756    x$fpl$dnaninf       fz_ws.l(dnaninf.o)
    0x080032dc   0x080032dc   0x0000000c   Code   RO         3758    x$fpl$dretinf       fz_ws.l(dretinf.o)
    0x080032e8   0x080032e8   0x0000006c   Code   RO         3697    x$fpl$drleqf        fz_ws.l(drleqf.o)
    0x08003354   0x08003354   0x00000016   Code   RO         3676    x$fpl$drsb          fz_ws.l(daddsub_clz.o)
    0x0800336a   0x0800336a   0x00000002   PAD
    0x0800336c   0x0800336c   0x000001cc   Code   RO         3760    x$fpl$dsqrt         fz_ws.l(dsqrt_noumaal.o)
    0x08003538   0x08003538   0x000001d4   Code   RO         3677    x$fpl$dsub          fz_ws.l(daddsub_clz.o)
    0x0800370c   0x0800370c   0x00000056   Code   RO         3699    x$fpl$f2d           fz_ws.l(f2d.o)
    0x08003762   0x08003762   0x00000002   PAD
    0x08003764   0x08003764   0x000000c4   Code   RO         3701    x$fpl$fadd          fz_ws.l(faddsub_clz.o)
    0x08003828   0x08003828   0x00000018   Code   RO         3762    x$fpl$fcmpinf       fz_ws.l(fcmpi.o)
    0x08003840   0x08003840   0x00000184   Code   RO         3708    x$fpl$fdiv          fz_ws.l(fdiv.o)
    0x080039c4   0x080039c4   0x0000003e   Code   RO         3711    x$fpl$ffixu         fz_ws.l(ffixu.o)
    0x08003a02   0x08003a02   0x00000002   PAD
    0x08003a04   0x08003a04   0x00000026   Code   RO         3715    x$fpl$ffltu         fz_ws.l(fflt_clz.o)
    0x08003a2a   0x08003a2a   0x00000002   PAD
    0x08003a2c   0x08003a2c   0x00000068   Code   RO         3721    x$fpl$fleqf         fz_ws.l(fleqf.o)
    0x08003a94   0x08003a94   0x00000102   Code   RO         3723    x$fpl$fmul          fz_ws.l(fmul.o)
    0x08003b96   0x08003b96   0x0000008c   Code   RO         3764    x$fpl$fnaninf       fz_ws.l(fnaninf.o)
    0x08003c22   0x08003c22   0x0000000a   Code   RO         3766    x$fpl$fretinf       fz_ws.l(fretinf.o)
    0x08003c2c   0x08003c2c   0x000000ea   Code   RO         3703    x$fpl$fsub          fz_ws.l(faddsub_clz.o)
    0x08003d16   0x08003d16   0x00000064   Code   RO         3891    x$fpl$retnan        fz_ws.l(retnan.o)
    0x08003d7a   0x08003d7a   0x0000005c   Code   RO         3823    x$fpl$scalbn        fz_ws.l(scalbn.o)
    0x08003dd6   0x08003dd6   0x00000030   Code   RO         3904    x$fpl$trapveneer    fz_ws.l(trapv.o)
    0x08003e06   0x08003e06   0x00000000   Code   RO         3768    x$fpl$usenofp       fz_ws.l(usenofp.o)
    0x08003e06   0x08003e06   0x0000391c   Data   RO          327    .constdata          lcd.o
    0x08007722   0x08007722   0x00000006   PAD
    0x08007728   0x08007728   0x00000030   Data   RO         3770    .constdata          m_ws.l(cos_i.o)
    0x08007758   0x08007758   0x000000c8   Data   RO         3788    .constdata          m_ws.l(rred.o)
    0x08007820   0x08007820   0x00000028   Data   RO         3792    .constdata          m_ws.l(sin_i.o)
    0x08007848   0x08007848   0x00000020   Data   RO         3968    Region$$Table       anon$$obj.o


    Execution Region RW_IRAM1 (Exec base: 0x20000000, Load base: 0x08007868, Size: 0x00002338, Max: 0x00005000, ABSOLUTE)

    Exec Addr    Load Addr    Size         Type   Attr      Idx    E Section Name        Object

    0x20000000   0x08007868   0x00000014   Data   RW          114    .data               system_stm32f10x.o
    0x20000014   0x0800787c   0x0000000a   Data   RW          152    .data               main.o
    0x2000001e   0x08007886   0x00000004   Data   RW         3589    .data               delay.o
    0x20000022   0x0800788a   0x00000002   PAD
    0x20000024   0x0800788c   0x00000006   Data   RW         3629    .data               usart.o
    0x2000002a   0x08007892   0x00000002   PAD
    0x2000002c        -       0x00000800   Zero   RW          151    .bss                main.o
    0x2000082c        -       0x000001e0   Zero   RW          326    .bss                lcd.o
    0x20000a0c        -       0x00001204   Zero   RW          515    .bss                fft.o
    0x20001c10        -       0x000000c8   Zero   RW         3628    .bss                usart.o
    0x20001cd8        -       0x00000060   Zero   RW         3830    .bss                c_w.l(libspace.o)
    0x20001d38        -       0x00000200   Zero   RW          574    HEAP                startup_stm32f10x_md.o
    0x20001f38        -       0x00000400   Zero   RW          573    STACK               startup_stm32f10x_md.o


==============================================================================

Image component sizes


      Code (inc. data)   RO Data    RW Data    ZI Data      Debug   Object Name

       360         16          0          0          0       2253   adc.o
         0          0          0          0          0         32   core_cm3.o
       144         22          0          4          0       1108   delay.o
       214          0          0          0          0        601   exti.o
       886         36          0          0       4612       5177   fft.o
        56          4          0          0          0        473   keyin.o
       762         30      14620          0        480       6166   lcd.o
      1058         66          0          0          0      11837   lcd_init.o
        76          8          0          0          0        471   led.o
      1788        208          0         10       2048     219675   main.o
       172         22          0          0          0       1937   misc.o
        64         26        236          0       1536        776   startup_stm32f10x_md.o
       482         24          0          0          0       7637   stm32f10x_adc.o
       492         26          0          0          0       4903   stm32f10x_dma.o
       200         18          0          0          0       1992   stm32f10x_exti.o
       368          4          0          0          0       4094   stm32f10x_gpio.o
        26          0          0          0          0      52438   stm32f10x_it.o
       152         30          0          0          0       2674   stm32f10x_rcc.o
       124          0          0          0          0       3701   stm32f10x_spi.o
       388         52          0          0          0       3414   stm32f10x_tim.o
        94          0          0          0          0       2644   stm32f10x_usart.o
       328         28          0         20          0       1937   system_stm32f10x.o
       140         14          0          6        200       2780   usart.o

    ----------------------------------------------------------------------
      8402        634      14894         44       8876     338720   Object Totals
         0          0         32          0          0          0   (incl. Generated)
        28          0          6          4          0          0   (incl. Padding)

    ----------------------------------------------------------------------

      Code (inc. data)   RO Data    RW Data    ZI Data      Debug   Library Member Name

         8          0          0          0          0         68   __main.o
         0          0          0          0          0          0   __rtentry.o
        12          0          0          0          0          0   __rtentry2.o
         6          0          0          0          0          0   __rtentry4.o
        52          8          0          0          0          0   __scatter.o
        26          0          0          0          0          0   __scatter_copy.o
        28          0          0          0          0          0   __scatter_zi.o
        22          0          0          0          0        100   _rserrno.o
        18          0          0          0          0         80   exit.o
         6          0          0          0          0        152   heapauxi.o
         2          0          0          0          0          0   libinit.o
         2          0          0          0          0          0   libinit2.o
         2          0          0          0          0          0   libshutdown.o
         2          0          0          0          0          0   libshutdown2.o
         8          4          0          0         96         68   libspace.o
         8          4          0          0          0         68   rt_errno_addr_intlibspace.o
         2          0          0          0          0          0   rtexit.o
        10          0          0          0          0          0   rtexit2.o
        74          0          0          0          0         80   sys_stackheap_outer.o
         2          0          0          0          0         68   use_no_semi.o
         2          0          0          0          0         68   use_no_semi_2.o
        98          4          0          0          0         92   d2f.o
       826         16          0          0          0        348   daddsub_clz.o
        16          4          0          0          0         68   dcheck1.o
        24          0          0          0          0         68   dcmpi.o
       688        140          0          0          0        208   ddiv.o
        94          4          0          0          0         92   dfix.o
        90          4          0          0          0         92   dfixu.o
        84          0          0          0          0        136   dflt_clz.o
       120          4          0          0          0         92   dleqf.o
       340         12          0          0          0        104   dmul.o
       156          4          0          0          0         92   dnaninf.o
        12          0          0          0          0         68   dretinf.o
       108          0          0          0          0         80   drleqf.o
       460         56          0          0          0        120   dsqrt_noumaal.o
        86          4          0          0          0         84   f2d.o
       430          8          0          0          0        168   faddsub_clz.o
        24          0          0          0          0         68   fcmpi.o
       388         76          0          0          0         96   fdiv.o
        62          4          0          0          0         84   ffixu.o
        38          0          0          0          0         68   fflt_clz.o
       104          4          0          0          0         84   fleqf.o
       258          4          0          0          0         84   fmul.o
       140          4          0          0          0         84   fnaninf.o
        10          0          0          0          0         68   fretinf.o
       100          0          0          0          0         68   retnan.o
        92          0          0          0          0         68   scalbn.o
        48          0          0          0          0         68   trapv.o
         0          0          0          0          0          0   usenofp.o
       156          8          0          0          0        104   cos.o
       252         22         48          0          0        124   cos_i.o
        34          6          0          0          0        204   dunder.o
        40          0          0          0          0         68   fpclassify.o
       170          0          0          0          0         96   poly.o
       904         76        200          0          0        140   rred.o
       160         10          0          0          0        108   sin.o
       236         12         40          0          0        128   sin_i.o
        76          0          0          0          0         84   sqrt.o

    ----------------------------------------------------------------------
      7240        502        288          0         96       4560   Library Totals
        24          0          0          0          0          0   (incl. Padding)

    ----------------------------------------------------------------------

      Code (inc. data)   RO Data    RW Data    ZI Data      Debug   Library Name

       292         16          0          0         96        752   c_w.l
      4896        352          0          0          0       2752   fz_ws.l
      2028        134        288          0          0       1056   m_ws.l

    ----------------------------------------------------------------------
      7240        502        288          0         96       4560   Library Totals

    ----------------------------------------------------------------------

==============================================================================


      Code (inc. data)   RO Data    RW Data    ZI Data      Debug   

     15642       1136      15182         44       8972     336204   Grand Totals
     15642       1136      15182         44       8972     336204   ELF Image Totals
     15642       1136      15182         44          0          0   ROM Totals

==============================================================================

    Total RO  Size (Code + RO Data)                30824 (  30.10kB)
    Total RW  Size (RW Data + ZI Data)              9016 (   8.80kB)
    Total ROM Size (Code + RO Data + RW Data)      30868 (  30.14kB)

==============================================================================

